Component: Arm Compiler for Embedded 6.21 Tool: armlink [5ec1fa00]

==============================================================================

Section Cross References

    startup_stm32f407xx.o(STACK) refers (Special) to heapauxi.o(.text) for __use_two_region_memory
    startup_stm32f407xx.o(HEAP) refers (Special) to heapauxi.o(.text) for __use_two_region_memory
    startup_stm32f407xx.o(RESET) refers (Special) to heapauxi.o(.text) for __use_two_region_memory
    startup_stm32f407xx.o(RESET) refers to startup_stm32f407xx.o(STACK) for __initial_sp
    startup_stm32f407xx.o(RESET) refers to startup_stm32f407xx.o(.text) for Reset_Handler
    startup_stm32f407xx.o(RESET) refers to stm32f4xx_it.o(.text.NMI_Handler) for NMI_Handler
    startup_stm32f407xx.o(RESET) refers to stm32f4xx_it.o(.text.HardFault_Handler) for HardFault_Handler
    startup_stm32f407xx.o(RESET) refers to stm32f4xx_it.o(.text.MemManage_Handler) for MemManage_Handler
    startup_stm32f407xx.o(RESET) refers to stm32f4xx_it.o(.text.BusFault_Handler) for BusFault_Handler
    startup_stm32f407xx.o(RESET) refers to stm32f4xx_it.o(.text.UsageFault_Handler) for UsageFault_Handler
    startup_stm32f407xx.o(RESET) refers to stm32f4xx_it.o(.text.SVC_Handler) for SVC_Handler
    startup_stm32f407xx.o(RESET) refers to stm32f4xx_it.o(.text.DebugMon_Handler) for DebugMon_Handler
    startup_stm32f407xx.o(RESET) refers to stm32f4xx_it.o(.text.PendSV_Handler) for PendSV_Handler
    startup_stm32f407xx.o(RESET) refers to stm32f4xx_it.o(.text.SysTick_Handler) for SysTick_Handler
    startup_stm32f407xx.o(RESET) refers to stm32f4xx_it.o(.text.EXTI2_IRQHandler) for EXTI2_IRQHandler
    startup_stm32f407xx.o(RESET) refers to stm32f4xx_it.o(.text.TIM5_IRQHandler) for TIM5_IRQHandler
    startup_stm32f407xx.o(RESET) refers to stm32f4xx_it.o(.text.TIM6_DAC_IRQHandler) for TIM6_DAC_IRQHandler
    startup_stm32f407xx.o(.text) refers (Special) to heapauxi.o(.text) for __use_two_region_memory
    startup_stm32f407xx.o(.text) refers to system_stm32f4xx.o(.text.SystemInit) for SystemInit
    startup_stm32f407xx.o(.text) refers to __main.o(!!!main) for __main
    startup_stm32f407xx.o(.text) refers to startup_stm32f407xx.o(HEAP) for Heap_Mem
    startup_stm32f407xx.o(.text) refers to startup_stm32f407xx.o(STACK) for Stack_Mem
    brushmotor.o(.text.brushmotor_init) refers to stm32f4xx_hal_gpio.o(.text.HAL_GPIO_Init) for HAL_GPIO_Init
    brushmotor.o(.text.brushmotor_init) refers to stm32f4xx_hal_gpio.o(.text.HAL_GPIO_WritePin) for HAL_GPIO_WritePin
    brushmotor.o(.ARM.exidx.text.brushmotor_init) refers to brushmotor.o(.text.brushmotor_init) for [Anonymous Symbol]
    brushmotor.o(.text.brushmotor_set_speed) refers to tim.o(.bss.htim4) for htim4
    brushmotor.o(.ARM.exidx.text.brushmotor_set_speed) refers to brushmotor.o(.text.brushmotor_set_speed) for [Anonymous Symbol]
    brushmotor.o(.ARM.exidx.text.brushmotor_forward_run) refers to brushmotor.o(.text.brushmotor_forward_run) for [Anonymous Symbol]
    brushmotor.o(.text.brushmotor_reverse_run) refers to stm32f4xx_hal_gpio.o(.text.HAL_GPIO_WritePin) for HAL_GPIO_WritePin
    brushmotor.o(.ARM.exidx.text.brushmotor_reverse_run) refers to brushmotor.o(.text.brushmotor_reverse_run) for [Anonymous Symbol]
    brushmotor.o(.text.brushmotor_stop) refers to stm32f4xx_hal_gpio.o(.text.HAL_GPIO_WritePin) for HAL_GPIO_WritePin
    brushmotor.o(.text.brushmotor_stop) refers to tim.o(.bss.htim4) for htim4
    brushmotor.o(.text.brushmotor_stop) refers to stm32f4xx_hal_tim.o(.text.HAL_TIM_PWM_Stop) for HAL_TIM_PWM_Stop
    brushmotor.o(.ARM.exidx.text.brushmotor_stop) refers to brushmotor.o(.text.brushmotor_stop) for [Anonymous Symbol]
    bsp.o(.text) refers (Special) to use_no_semi_2.o(.text) for __use_no_semihosting
    bsp.o(.text) refers (Special) to main.o(.ARM.use_no_argv) for __ARM_use_no_argv
    bsp.o(.text._ttywrch) refers (Special) to use_no_semi_2.o(.text) for __use_no_semihosting
    bsp.o(.text._ttywrch) refers (Special) to main.o(.ARM.use_no_argv) for __ARM_use_no_argv
    bsp.o(.ARM.exidx.text._ttywrch) refers (Special) to use_no_semi_2.o(.text) for __use_no_semihosting
    bsp.o(.ARM.exidx.text._ttywrch) refers (Special) to main.o(.ARM.use_no_argv) for __ARM_use_no_argv
    bsp.o(.ARM.exidx.text._ttywrch) refers to bsp.o(.text._ttywrch) for [Anonymous Symbol]
    bsp.o(.text._sys_exit) refers (Special) to use_no_semi_2.o(.text) for __use_no_semihosting
    bsp.o(.text._sys_exit) refers (Special) to main.o(.ARM.use_no_argv) for __ARM_use_no_argv
    bsp.o(.ARM.exidx.text._sys_exit) refers (Special) to use_no_semi_2.o(.text) for __use_no_semihosting
    bsp.o(.ARM.exidx.text._sys_exit) refers (Special) to main.o(.ARM.use_no_argv) for __ARM_use_no_argv
    bsp.o(.ARM.exidx.text._sys_exit) refers to bsp.o(.text._sys_exit) for [Anonymous Symbol]
    bsp.o(.text._sys_command_string) refers (Special) to use_no_semi_2.o(.text) for __use_no_semihosting
[...]
    ../clib/angel/sys.s                      0x00000000   Number         0  use_no_semi.o ABSOLUTE
    ../clib/angel/sys.s                      0x00000000   Number         0  sys_stackheap_outer.o ABSOLUTE
    ../clib/angel/sys.s                      0x00000000   Number         0  libspace.o ABSOLUTE
    ../clib/armsys.c                         0x00000000   Number         0  argv_veneer.o ABSOLUTE
    ../clib/armsys.c                         0x00000000   Number         0  argv_veneer.o ABSOLUTE
    ../clib/armsys.c                         0x00000000   Number         0  _get_argv_nomalloc.o ABSOLUTE
    ../clib/armsys.c                         0x00000000   Number         0  no_argv.o ABSOLUTE
    ../clib/heapalloc.c                      0x00000000   Number         0  hrguard.o ABSOLUTE
    ../clib/heapaux.c                        0x00000000   Number         0  heapauxi.o ABSOLUTE
    ../clib/libinit.s                        0x00000000   Number         0  libinit.o ABSOLUTE
    ../clib/libinit.s                        0x00000000   Number         0  libinit2.o ABSOLUTE
    ../clib/libinit.s                        0x00000000   Number         0  libshutdown.o ABSOLUTE
    ../clib/libinit.s                        0x00000000   Number         0  libshutdown2.o ABSOLUTE
    ../clib/longlong.s                       0x00000000   Number         0  lludivv7m.o ABSOLUTE
    ../clib/memcpset.s                       0x00000000   Number         0  rt_memclr_w.o ABSOLUTE
    ../clib/printf.c                         0x00000000   Number         0  __2printf.o ABSOLUTE
    ../clib/printf.c                         0x00000000   Number         0  noretval__2printf.o ABSOLUTE
    ../clib/printf.c                         0x00000000   Number         0  __printf.o ABSOLUTE
    ../clib/printf.c                         0x00000000   Number         0  _printf_dec.o ABSOLUTE
    ../clib/printf.c                         0x00000000   Number         0  __printf_flags.o ABSOLUTE
    ../clib/printf.c                         0x00000000   Number         0  __printf_ss.o ABSOLUTE
    ../clib/printf.c                         0x00000000   Number         0  __printf_flags_ss.o ABSOLUTE
    ../clib/printf.c                         0x00000000   Number         0  __printf_wp.o ABSOLUTE
    ../clib/printf.c                         0x00000000   Number         0  __printf_flags_wp.o ABSOLUTE
    ../clib/printf.c                         0x00000000   Number         0  __printf_ss_wp.o ABSOLUTE
    ../clib/printf.c                         0x00000000   Number         0  __printf_flags_ss_wp.o ABSOLUTE
    ../clib/printf.c                         0x00000000   Number         0  _printf_intcommon.o ABSOLUTE
    ../clib/printf.c                         0x00000000   Number         0  _printf_char_file.o ABSOLUTE
    ../clib/printf.c                         0x00000000   Number         0  _printf_char_common.o ABSOLUTE
    ../clib/printf.c                         0x00000000   Number         0  __printf_nopercent.o ABSOLUTE
    ../clib/printf_percent.s                 0x00000000   Number         0  _printf_d.o ABSOLUTE
    ../clib/printf_percent.s                 0x00000000   Number         0  _printf_percent.o ABSOLUTE
    ../clib/printf_percent.s                 0x00000000   Number         0  _printf_percent_end.o ABSOLUTE
    ../clib/signal.c                         0x00000000   Number         0  defsig_fpe_outer.o ABSOLUTE
    ../clib/signal.c                         0x00000000   Number         0  defsig_fpe_formal.o ABSOLUTE
    ../clib/signal.c                         0x00000000   Number         0  defsig_exit.o ABSOLUTE
    ../clib/signal.c                         0x00000000   Number         0  defsig_fpe_inner.o ABSOLUTE
    ../clib/signal.c                         0x00000000   Number         0  __raise.o ABSOLUTE
    ../clib/signal.c                         0x00000000   Number         0  defsig_general.o ABSOLUTE
    ../clib/signal.c                         0x00000000   Number         0  defsig_abrt_inner.o ABSOLUTE
    ../clib/signal.c                         0x00000000   Number         0  defsig_rtred_inner.o ABSOLUTE
    ../clib/signal.c                         0x00000000   Number         0  defsig_rtmem_inner.o ABSOLUTE
    ../clib/signal.c                         0x00000000   Number         0  defsig_rtmem_outer.o ABSOLUTE
    ../clib/signal.c                         0x00000000   Number         0  defsig_rtmem_formal.o ABSOLUTE
    ../clib/signal.c                         0x00000000   Number         0  defsig_stak_inner.o ABSOLUTE
    ../clib/signal.c                         0x00000000   Number         0  defsig_pvfn_inner.o ABSOLUTE
    ../clib/signal.c                         0x00000000   Number         0  defsig_cppl_inner.o ABSOLUTE
    ../clib/signal.c                         0x00000000   Number         0  defsig_segv_inner.o ABSOLUTE
    ../clib/signal.c                         0x00000000   Number         0  defsig_other.o ABSOLUTE
    ../clib/signal.s                         0x00000000   Number         0  defsig.o ABSOLUTE
    ../clib/stdio.c                          0x00000000   Number         0  puts.o ABSOLUTE
    ../clib/stdio.c                          0x00000000   Number         0  ferror.o ABSOLUTE
    ../clib/stdio.c                          0x00000000   Number         0  ferror_locked.o ABSOLUTE
    ../clib/stdlib.c                         0x00000000   Number         0  exit.o ABSOLUTE
    ../fplib/fpinit.s                        0x00000000   Number         0  fpinit.o ABSOLUTE
    F:/Motor/DriveForLearn_MDK/MDK-ARM/startup_stm32f407xx.s 0x00000000   Number         0  startup_stm32f407xx.o ABSOLUTE
    adc.c                                    0x00000000   Number         0  adc.o ABSOLUTE
    brushmotor.c                             0x00000000   Number         0  brushmotor.o ABSOLUTE
    bsp.c                                    0x00000000   Number         0  bsp.o ABSOLUTE
    dc.s                                     0x00000000   Number         0  dc.o ABSOLUTE
    gpio.c                                   0x00000000   Number         0  gpio.o ABSOLUTE
    i2c.c                                    0x00000000   Number         0  i2c.o ABSOLUTE
    main.c                                   0x00000000   Number         0  main.o ABSOLUTE
    stm32f4xx_hal.c                          0x00000000   Number         0  stm32f4xx_hal.o ABSOLUTE
    stm32f4xx_hal_adc.c                      0x00000000   Number         0  stm32f4xx_hal_adc.o ABSOLUTE
    stm32f4xx_hal_adc_ex.c                   0x00000000   Number         0  stm32f4xx_hal_adc_ex.o ABSOLUTE
    stm32f4xx_hal_cortex.c                   0x00000000   Number         0  stm32f4xx_hal_cortex.o ABSOLUTE
    stm32f4xx_hal_dma.c                      0x00000000   Number         0  stm32f4xx_hal_dma.o ABSOLUTE
    stm32f4xx_hal_dma_ex.c                   0x00000000   Number         0  stm32f4xx_hal_dma_ex.o ABSOLUTE
    stm32f4xx_hal_exti.c                     0x00000000   Number         0  stm32f4xx_hal_exti.o ABSOLUTE
    stm32f4xx_hal_flash.c                    0x00000000   Number         0  stm32f4xx_hal_flash.o ABSOLUTE
    stm32f4xx_hal_flash_ex.c                 0x00000000   Number         0  stm32f4xx_hal_flash_ex.o ABSOLUTE
    stm32f4xx_hal_flash_ramfunc.c            0x00000000   Number         0  stm32f4xx_hal_flash_ramfunc.o ABSOLUTE
    stm32f4xx_hal_gpio.c                     0x00000000   Number         0  stm32f4xx_hal_gpio.o ABSOLUTE
    stm32f4xx_hal_i2c.c                      0x00000000   Number         0  stm32f4xx_hal_i2c.o ABSOLUTE
    stm32f4xx_hal_i2c_ex.c                   0x00000000   Number         0  stm32f4xx_hal_i2c_ex.o ABSOLUTE
    stm32f4xx_hal_msp.c                      0x00000000   Number         0  stm32f4xx_hal_msp.o ABSOLUTE
    stm32f4xx_hal_pwr.c                      0x00000000   Number         0  stm32f4xx_hal_pwr.o ABSOLUTE
    stm32f4xx_hal_pwr_ex.c                   0x00000000   Number         0  stm32f4xx_hal_pwr_ex.o ABSOLUTE
    stm32f4xx_hal_rcc.c                      0x00000000   Number         0  stm32f4xx_hal_rcc.o ABSOLUTE
    stm32f4xx_hal_rcc_ex.c                   0x00000000   Number         0  stm32f4xx_hal_rcc_ex.o ABSOLUTE
    stm32f4xx_hal_tim.c                      0x00000000   Number         0  stm32f4xx_hal_tim.o ABSOLUTE
    stm32f4xx_hal_tim_ex.c                   0x00000000   Number         0  stm32f4xx_hal_tim_ex.o ABSOLUTE
    stm32f4xx_hal_timebase_tim.c             0x00000000   Number         0  stm32f4xx_hal_timebase_tim.o ABSOLUTE
    stm32f4xx_hal_uart.c                     0x00000000   Number         0  stm32f4xx_hal_uart.o ABSOLUTE
    stm32f4xx_it.c                           0x00000000   Number         0  stm32f4xx_it.o ABSOLUTE
    stm32f4xx_ll_adc.c                       0x00000000   Number         0  stm32f4xx_ll_adc.o ABSOLUTE
    system_stm32f4xx.c                       0x00000000   Number         0  system_stm32f4xx.o ABSOLUTE
    tim.c                                    0x00000000   Number         0  tim.o ABSOLUTE
    usart.c                                  0x00000000   Number         0  usart.o ABSOLUTE
    RESET                                    0x08000000   Section      392  startup_stm32f407xx.o(RESET)
    !!!main                                  0x08000188   Section        8  __main.o(!!!main)
    !!!scatter                               0x08000190   Section       92  __scatter.o(!!!scatter)
    !!handler_copy                           0x080001ec   Section       26  __scatter_copy.o(!!handler_copy)
    !!handler_null                           0x08000208   Section        2  __scatter.o(!!handler_null)
    !!handler_zi                             0x0800020c   Section       28  __scatter_zi.o(!!handler_zi)
    .ARM.Collect$$_printf_percent$$00000000  0x08000228   Section        0  _printf_percent.o(.ARM.Collect$$_printf_percent$$00000000)
    .ARM.Collect$$_printf_percent$$00000009  0x08000228   Section        6  _printf_d.o(.ARM.Collect$$_printf_percent$$00000009)
    .ARM.Collect$$_printf_percent$$00000017  0x0800022e   Section        4  _printf_percent_end.o(.ARM.Collect$$_printf_percent$$00000017)
    .ARM.Collect$$libinit$$00000000          0x08000232   Section        2  libinit.o(.ARM.Collect$$libinit$$00000000)
    .ARM.Collect$$libinit$$00000001          0x08000234   Section        4  libinit2.o(.ARM.Collect$$libinit$$00000001)
    .ARM.Collect$$libinit$$00000004          0x08000238   Section        0  libinit2.o(.ARM.Collect$$libinit$$00000004)
    .ARM.Collect$$libinit$$00000006          0x08000238   Section        0  libinit2.o(.ARM.Collect$$libinit$$00000006)
    .ARM.Collect$$libinit$$0000000C          0x08000238   Section        0  libinit2.o(.ARM.Collect$$libinit$$0000000C)
    .ARM.Collect$$libinit$$0000000E          0x08000238   Section        0  libinit2.o(.ARM.Collect$$libinit$$0000000E)
    .ARM.Collect$$libinit$$00000010          0x08000238   Section        0  libinit2.o(.ARM.Collect$$libinit$$00000010)
    .ARM.Collect$$libinit$$00000013          0x08000238   Section        0  libinit2.o(.ARM.Collect$$libinit$$00000013)
    .ARM.Collect$$libinit$$00000015          0x08000238   Section        0  libinit2.o(.ARM.Collect$$libinit$$00000015)
    .ARM.Collect$$libinit$$00000017          0x08000238   Section        0  libinit2.o(.ARM.Collect$$libinit$$00000017)
    .ARM.Collect$$libinit$$00000019          0x08000238   Section        0  libinit2.o(.ARM.Collect$$libinit$$00000019)
    .ARM.Collect$$libinit$$0000001B          0x08000238   Section        0  libinit2.o(.ARM.Collect$$libinit$$0000001B)
    .ARM.Collect$$libinit$$0000001D          0x08000238   Section        0  libinit2.o(.ARM.Collect$$libinit$$0000001D)
    .ARM.Collect$$libinit$$0000001F          0x08000238   Section        0  libinit2.o(.ARM.Collect$$libinit$$0000001F)
    .ARM.Collect$$libinit$$00000021          0x08000238   Section        0  libinit2.o(.ARM.Collect$$libinit$$00000021)
    .ARM.Collect$$libinit$$00000023          0x08000238   Section        0  libinit2.o(.ARM.Collect$$libinit$$00000023)
    .ARM.Collect$$libinit$$00000025          0x08000238   Section        0  libinit2.o(.ARM.Collect$$libinit$$00000025)
    .ARM.Collect$$libinit$$00000027          0x08000238   Section        0  libinit2.o(.ARM.Collect$$libinit$$00000027)
    .ARM.Collect$$libinit$$0000002E          0x08000238   Section        0  libinit2.o(.ARM.Collect$$libinit$$0000002E)
    .ARM.Collect$$libinit$$00000030          0x08000238   Section        0  libinit2.o(.ARM.Collect$$libinit$$00000030)
    .ARM.Collect$$libinit$$00000032          0x08000238   Section        0  libinit2.o(.ARM.Collect$$libinit$$00000032)
    .ARM.Collect$$libinit$$00000034          0x08000238   Section        0  libinit2.o(.ARM.Collect$$libinit$$00000034)
    .ARM.Collect$$libinit$$00000035          0x08000238   Section        2  libinit2.o(.ARM.Collect$$libinit$$00000035)
    .ARM.Collect$$libshutdown$$00000000      0x0800023a   Section        2  libshutdown.o(.ARM.Collect$$libshutdown$$00000000)
    .ARM.Collect$$libshutdown$$00000002      0x0800023c   Section        0  libshutdown2.o(.ARM.Collect$$libshutdown$$00000002)
    .ARM.Collect$$libshutdown$$00000004      0x0800023c   Section        0  libshutdown2.o(.ARM.Collect$$libshutdown$$00000004)
    .ARM.Collect$$libshutdown$$00000007      0x0800023c   Section        0  libshutdown2.o(.ARM.Collect$$libshutdown$$00000007)
    .ARM.Collect$$libshutdown$$0000000A      0x0800023c   Section        0  libshutdown2.o(.ARM.Collect$$libshutdown$$0000000A)
    .ARM.Collect$$libshutdown$$0000000C      0x0800023c   Section        0  libshutdown2.o(.ARM.Collect$$libshutdown$$0000000C)
    .ARM.Collect$$libshutdown$$0000000F      0x0800023c   Section        0  libshutdown2.o(.ARM.Collect$$libshutdown$$0000000F)
    .ARM.Collect$$libshutdown$$00000010      0x0800023c   Section        2  libshutdown2.o(.ARM.Collect$$libshutdown$$00000010)
    .ARM.Collect$$rtentry$$00000000          0x0800023e   Section        0  __rtentry.o(.ARM.Collect$$rtentry$$00000000)
    .ARM.Collect$$rtentry$$00000002          0x0800023e   Section        0  __rtentry2.o(.ARM.Collect$$rtentry$$00000002)
    .ARM.Collect$$rtentry$$00000004          0x0800023e   Section        6  __rtentry4.o(.ARM.Collect$$rtentry$$00000004)
    .ARM.Collect$$rtentry$$00000009          0x08000244   Section        0  __rtentry2.o(.ARM.Collect$$rtentry$$00000009)
    .ARM.Collect$$rtentry$$0000000A          0x08000244   Section        4  __rtentry2.o(.ARM.Collect$$rtentry$$0000000A)
    .ARM.Collect$$rtentry$$0000000C          0x08000248   Section        0  __rtentry2.o(.ARM.Collect$$rtentry$$0000000C)
    .ARM.Collect$$rtentry$$0000000D          0x08000248   Section        8  __rtentry2.o(.ARM.Collect$$rtentry$$0000000D)
    .ARM.Collect$$rtexit$$00000000           0x08000250   Section        2  rtexit.o(.ARM.Collect$$rtexit$$00000000)
    .ARM.Collect$$rtexit$$00000002           0x08000252   Section        0  rtexit2.o(.ARM.Collect$$rtexit$$00000002)
    .ARM.Collect$$rtexit$$00000003           0x08000252   Section        4  rtexit2.o(.ARM.Collect$$rtexit$$00000003)
    .ARM.Collect$$rtexit$$00000004           0x08000256   Section        6  rtexit2.o(.ARM.Collect$$rtexit$$00000004)
    $v0                                      0x0800025c   Number         0  startup_stm32f407xx.o(.text)
    .text                                    0x0800025c   Section       64  startup_stm32f407xx.o(.text)
    .text                                    0x0800029c   Section        2  use_no_semi_2.o(.text)
    .text                                    0x0800029e   Section      240  lludivv7m.o(.text)
    .text                                    0x08000390   Section        0  noretval__2printf.o(.text)
    .text                                    0x080003a8   Section        0  __printf.o(.text)
    .text                                    0x08000410   Section        0  _printf_dec.o(.text)
    .text                                    0x08000488   Section        0  puts.o(.text)
    .text                                    0x080004b4   Section       78  rt_memclr_w.o(.text)
    .text                                    0x08000502   Section        0  heapauxi.o(.text)
    .text                                    0x08000508   Section        2  use_no_semi.o(.text)
    .text                                    0x0800050a   Section        0  _printf_intcommon.o(.text)
    .text                                    0x080005bc   Section        0  _printf_char_file.o(.text)
    _printf_input_char                       0x080005e1   Thumb Code    10  _printf_char_common.o(.text)
    .text                                    0x080005e0   Section        0  _printf_char_common.o(.text)
    .text                                    0x08000610   Section        0  ferror.o(.text)
    .text                                    0x08000618   Section       74  sys_stackheap_outer.o(.text)
    .text                                    0x08000662   Section        0  exit.o(.text)
    .text                                    0x08000674   Section        8  libspace.o(.text)
    [Anonymous Symbol]                       0x0800067c   Section        0  stm32f4xx_it.o(.text.BusFault_Handler)
    [Anonymous Symbol]                       0x08000680   Section        0  stm32f4xx_it.o(.text.DebugMon_Handler)
    [Anonymous Symbol]                       0x08000684   Section        0  stm32f4xx_it.o(.text.EXTI2_IRQHandler)
    [Anonymous Symbol]                       0x0800068c   Section        0  main.o(.text.Error_Handler)
    [Anonymous Symbol]                       0x08000694   Section        0  stm32f4xx_hal_adc.o(.text.HAL_ADC_ConfigChannel)
    [Anonymous Symbol]                       0x0800079c   Section        0  stm32f4xx_hal_adc.o(.text.HAL_ADC_Init)
    [Anonymous Symbol]                       0x080008e8   Section        0  adc.o(.text.HAL_ADC_MspInit)
    [Anonymous Symbol]                       0x080009c4   Section        0  stm32f4xx_hal.o(.text.HAL_Delay)
    [Anonymous Symbol]                       0x080009ec   Section        0  main.o(.text.HAL_GPIO_EXTI_Callback)
    [Anonymous Symbol]                       0x080009fc   Section        0  stm32f4xx_hal_gpio.o(.text.HAL_GPIO_EXTI_IRQHandler)
    [Anonymous Symbol]                       0x08000a14   Section        0  stm32f4xx_hal_gpio.o(.text.HAL_GPIO_Init)
    [Anonymous Symbol]                       0x08000bac   Section        0  stm32f4xx_hal_gpio.o(.text.HAL_GPIO_ReadPin)
    [Anonymous Symbol]                       0x08000bb8   Section        0  stm32f4xx_hal_gpio.o(.text.HAL_GPIO_TogglePin)
    [Anonymous Symbol]                       0x08000bc8   Section        0  stm32f4xx_hal_gpio.o(.text.HAL_GPIO_WritePin)
    [Anonymous Symbol]                       0x08000bd4   Section        0  stm32f4xx_hal.o(.text.HAL_GetTick)
    [Anonymous Symbol]                       0x08000be0   Section        0  stm32f4xx_hal_i2c.o(.text.HAL_I2C_Init)
    [Anonymous Symbol]                       0x08000d50   Section        0  i2c.o(.text.HAL_I2C_MspInit)
    [Anonymous Symbol]                       0x08000dc4   Section        0  stm32f4xx_hal.o(.text.HAL_IncTick)
    [Anonymous Symbol]                       0x08000de0   Section        0  stm32f4xx_hal.o(.text.HAL_Init)
    [Anonymous Symbol]                       0x08000e18   Section        0  stm32f4xx_hal_timebase_tim.o(.text.HAL_InitTick)
    [Anonymous Symbol]                       0x08000ec8   Section        0  stm32f4xx_hal_msp.o(.text.HAL_MspInit)
    [Anonymous Symbol]                       0x08000f00   Section        0  stm32f4xx_hal_cortex.o(.text.HAL_NVIC_EnableIRQ)
    [Anonymous Symbol]                       0x08000f20   Section        0  stm32f4xx_hal_cortex.o(.text.HAL_NVIC_SetPriority)
    [Anonymous Symbol]                       0x08000f78   Section        0  stm32f4xx_hal_cortex.o(.text.HAL_NVIC_SetPriorityGrouping)
    [Anonymous Symbol]                       0x08000f98   Section        0  stm32f4xx_hal_rcc.o(.text.HAL_RCC_ClockConfig)
    [Anonymous Symbol]                       0x080010f8   Section        0  stm32f4xx_hal_rcc.o(.text.HAL_RCC_GetClockConfig)
    [Anonymous Symbol]                       0x08001138   Section        0  stm32f4xx_hal_rcc.o(.text.HAL_RCC_GetHCLKFreq)
    [Anonymous Symbol]                       0x08001144   Section        0  stm32f4xx_hal_rcc.o(.text.HAL_RCC_GetPCLK1Freq)
    [Anonymous Symbol]                       0x0800116c   Section        0  stm32f4xx_hal_rcc.o(.text.HAL_RCC_GetPCLK2Freq)
    [Anonymous Symbol]                       0x08001194   Section        0  stm32f4xx_hal_rcc.o(.text.HAL_RCC_GetSysClockFreq)
    [Anonymous Symbol]                       0x080011fc   Section        0  stm32f4xx_hal_rcc.o(.text.HAL_RCC_OscConfig)
    [Anonymous Symbol]                       0x08001550   Section        0  stm32f4xx_hal_tim_ex.o(.text.HAL_TIMEx_BreakCallback)
    [Anonymous Symbol]                       0x08001554   Section        0  stm32f4xx_hal_tim_ex.o(.text.HAL_TIMEx_CommutCallback)
    [Anonymous Symbol]                       0x08001558   Section        0  stm32f4xx_hal_tim_ex.o(.text.HAL_TIMEx_ConfigBreakDeadTime)
    [Anonymous Symbol]                       0x080015a8   Section        0  stm32f4xx_hal_tim_ex.o(.text.HAL_TIMEx_HallSensor_Init)
    [Anonymous Symbol]                       0x0800166c   Section        0  tim.o(.text.HAL_TIMEx_HallSensor_MspInit)
    [Anonymous Symbol]                       0x080016d8   Section        0  stm32f4xx_hal_tim_ex.o(.text.HAL_TIMEx_MasterConfigSynchronization)
    [Anonymous Symbol]                       0x08001794   Section        0  stm32f4xx_hal_tim.o(.text.HAL_TIM_Base_Init)
    [Anonymous Symbol]                       0x080017f0   Section        0  tim.o(.text.HAL_TIM_Base_MspInit)
    [Anonymous Symbol]                       0x08001864   Section        0  stm32f4xx_hal_tim.o(.text.HAL_TIM_Base_Start)
    [Anonymous Symbol]                       0x08001904   Section        0  stm32f4xx_hal_tim.o(.text.HAL_TIM_Base_Start_IT)
    [Anonymous Symbol]                       0x080019ac   Section        0  stm32f4xx_hal_tim.o(.text.HAL_TIM_ConfigClockSource)
    [Anonymous Symbol]                       0x08001b50   Section        0  stm32f4xx_hal_tim.o(.text.HAL_TIM_Encoder_Init)
    [Anonymous Symbol]                       0x08001c04   Section        0  tim.o(.text.HAL_TIM_Encoder_MspInit)
    [Anonymous Symbol]                       0x08001c74   Section        0  stm32f4xx_hal_tim.o(.text.HAL_TIM_Encoder_Start)
    [Anonymous Symbol]                       0x08001d40   Section        0  stm32f4xx_hal_tim.o(.text.HAL_TIM_IC_CaptureCallback)
    [Anonymous Symbol]                       0x08001d44   Section        0  stm32f4xx_hal_tim.o(.text.HAL_TIM_IRQHandler)
    [Anonymous Symbol]                       0x08001e90   Section        0  tim.o(.text.HAL_TIM_MspPostInit)
    [Anonymous Symbol]                       0x08001f90   Section        0  stm32f4xx_hal_tim.o(.text.HAL_TIM_OC_ConfigChannel)
    [Anonymous Symbol]                       0x0800213c   Section        0  stm32f4xx_hal_tim.o(.text.HAL_TIM_OC_DelayElapsedCallback)
    [Anonymous Symbol]                       0x08002140   Section        0  stm32f4xx_hal_tim.o(.text.HAL_TIM_OC_Init)
    [Anonymous Symbol]                       0x0800219c   Section        0  tim.o(.text.HAL_TIM_OC_MspInit)
    [Anonymous Symbol]                       0x080021d0   Section        0  stm32f4xx_hal_tim.o(.text.HAL_TIM_PWM_ConfigChannel)
    [Anonymous Symbol]                       0x080023e8   Section        0  stm32f4xx_hal_tim.o(.text.HAL_TIM_PWM_Init)
    [Anonymous Symbol]                       0x08002444   Section        0  stm32f4xx_hal_tim.o(.text.HAL_TIM_PWM_MspInit)
    [Anonymous Symbol]                       0x08002448   Section        0  stm32f4xx_hal_tim.o(.text.HAL_TIM_PWM_PulseFinishedCallback)
    [Anonymous Symbol]                       0x0800244c   Section        0  stm32f4xx_hal_tim.o(.text.HAL_TIM_PWM_Start)
    [Anonymous Symbol]                       0x08002570   Section        0  stm32f4xx_hal_tim.o(.text.HAL_TIM_PWM_Stop)
    [Anonymous Symbol]                       0x0800260c   Section        0  main.o(.text.HAL_TIM_PeriodElapsedCallback)
    [Anonymous Symbol]                       0x080026e0   Section        0  stm32f4xx_hal_tim.o(.text.HAL_TIM_TriggerCallback)
    [Anonymous Symbol]                       0x080026e4   Section        0  stm32f4xx_hal_uart.o(.text.HAL_UART_Init)
    [Anonymous Symbol]                       0x08002744   Section        0  usart.o(.text.HAL_UART_MspInit)
    [Anonymous Symbol]                       0x080027b8   Section        0  stm32f4xx_hal_uart.o(.text.HAL_UART_Transmit)
    [Anonymous Symbol]                       0x080028a8   Section        0  stm32f4xx_it.o(.text.HardFault_Handler)
    [Anonymous Symbol]                       0x080028ac   Section        0  adc.o(.text.MX_ADC1_Init)
    [Anonymous Symbol]                       0x08002920   Section        0  adc.o(.text.MX_ADC2_Init)
    [Anonymous Symbol]                       0x08002994   Section        0  gpio.o(.text.MX_GPIO_Init)
    [Anonymous Symbol]                       0x08002aa4   Section        0  i2c.o(.text.MX_I2C1_Init)
    [Anonymous Symbol]                       0x08002ae8   Section        0  tim.o(.text.MX_TIM1_Init)
    [Anonymous Symbol]                       0x08002be8   Section        0  tim.o(.text.MX_TIM2_Init)
    [Anonymous Symbol]                       0x08002c44   Section        0  tim.o(.text.MX_TIM3_Init)
    [Anonymous Symbol]                       0x08002cbc   Section        0  tim.o(.text.MX_TIM4_Init)
    [Anonymous Symbol]                       0x08002d88   Section        0  tim.o(.text.MX_TIM6_Init)
    [Anonymous Symbol]                       0x08002ddc   Section        0  usart.o(.text.MX_USART1_UART_Init)
    [Anonymous Symbol]                       0x08002e18   Section        0  stm32f4xx_it.o(.text.MemManage_Handler)
    [Anonymous Symbol]                       0x08002e1c   Section        0  stm32f4xx_it.o(.text.NMI_Handler)
    [Anonymous Symbol]                       0x08002e20   Section        0  stm32f4xx_it.o(.text.PendSV_Handler)
    [Anonymous Symbol]                       0x08002e24   Section        0  stm32f4xx_it.o(.text.SVC_Handler)
    [Anonymous Symbol]                       0x08002e28   Section        0  stm32f4xx_it.o(.text.SysTick_Handler)
    [Anonymous Symbol]                       0x08002e2c   Section        0  main.o(.text.SystemClock_Config)
    [Anonymous Symbol]                       0x08002ed8   Section        0  system_stm32f4xx.o(.text.SystemInit)
    [Anonymous Symbol]                       0x08002eec   Section        0  stm32f4xx_it.o(.text.TIM5_IRQHandler)
    [Anonymous Symbol]                       0x08002ef8   Section        0  stm32f4xx_it.o(.text.TIM6_DAC_IRQHandler)
    [Anonymous Symbol]                       0x08002f04   Section        0  stm32f4xx_hal_tim.o(.text.TIM_Base_SetConfig)
    [Anonymous Symbol]                       0x08003038   Section        0  stm32f4xx_hal_tim.o(.text.TIM_OC2_SetConfig)
    [Anonymous Symbol]                       0x080030a0   Section        0  stm32f4xx_hal_tim.o(.text.TIM_TI1_SetConfig)
    UART_SetConfig                           0x08003149   Thumb Code   232  stm32f4xx_hal_uart.o(.text.UART_SetConfig)
    [Anonymous Symbol]                       0x08003148   Section        0  stm32f4xx_hal_uart.o(.text.UART_SetConfig)
    [Anonymous Symbol]                       0x08003230   Section        0  stm32f4xx_it.o(.text.UsageFault_Handler)
    [Anonymous Symbol]                       0x08003234   Section        0  bsp.o(.text._sys_exit)
    [Anonymous Symbol]                       0x08003238   Section        0  brushmotor.o(.text.brushmotor_init)
    [Anonymous Symbol]                       0x080032b8   Section        0  brushmotor.o(.text.brushmotor_set_speed)
    [Anonymous Symbol]                       0x080032c8   Section        0  brushmotor.o(.text.brushmotor_stop)
    [Anonymous Symbol]                       0x080032f8   Section        0  bsp.o(.text.fputc)
    [Anonymous Symbol]                       0x0800332c   Section        0  main.o(.text.main)
    $v0                                      0x0800344c   Number         0  fpinit.o(x$fpl$fpinit)
    x$fpl$fpinit                             0x0800344c   Section       26  fpinit.o(x$fpl$fpinit)
    .bss                                     0x20000010   Section       96  libspace.o(.bss)
    Key_ElimJitter_Timer                     0x20000070   Data           1  main.o(.bss.Key_ElimJitter_Timer)
    [Anonymous Symbol]                       0x20000070   Section        0  main.o(.bss.Key_ElimJitter_Timer)
    Heap_Mem                                 0x200003b0   Data         512  startup_stm32f407xx.o(HEAP)
    HEAP                                     0x200003b0   Section      512  startup_stm32f407xx.o(HEAP)
    Stack_Mem                                0x200005b0   Data        1024  startup_stm32f407xx.o(STACK)
    STACK                                    0x200005b0   Section     1024  startup_stm32f407xx.o(STACK)
    __initial_sp                             0x200009b0   Data           0  startup_stm32f407xx.o(STACK)

    Global Symbols

    Symbol Name                              Value     Ov Type        Size  Object(Section)

    BuildAttributes$$THM_ISAv4$E$P$D$K$B$S$7EM$VFPi3$EXTD16$VFPS$VFMA$PE$A:L22UL41UL21$X:L11$S22US41US21$IEEE1$IW$~IW$USESV6$~STKCKD$USESV7$~SHL$OTIME$ROPI$EBA8$UX$STANDARDLIB$REQ8$PRES8$EABIv2 0x00000000   Number         0  anon$$obj.o ABSOLUTE
    __ARM_exceptions_init                     - Undefined Weak Reference
    __alloca_initialize                       - Undefined Weak Reference
    __arm_preinit_                            - Undefined Weak Reference
    __arm_relocate_pie_                       - Undefined Weak Reference
    __cpp_initialize__aeabi_                  - Undefined Weak Reference
    __cxa_finalize                            - Undefined Weak Reference
    __rt_locale                               - Undefined Weak Reference
    __sigvec_lookup                           - Undefined Weak Reference
    _atexit_init                              - Undefined Weak Reference
    _call_atexit_fns                          - Undefined Weak Reference
    _clock_init                               - Undefined Weak Reference
    _fp_trap_init                             - Undefined Weak Reference
    _fp_trap_shutdown                         - Undefined Weak Reference
    _get_lc_collate                           - Undefined Weak Reference
    _get_lc_ctype                             - Undefined Weak Reference
    _get_lc_monetary                          - Undefined Weak Reference
    _get_lc_numeric                           - Undefined Weak Reference
    _get_lc_time                              - Undefined Weak Reference
    _getenv_init                              - Undefined Weak Reference
    _handle_redirection                       - Undefined Weak Reference
    _init_alloc                               - Undefined Weak Reference
    _init_user_alloc                          - Undefined Weak Reference
    _initio                                   - Undefined Weak Reference
    _mutex_acquire                            - Undefined Weak Reference
    _mutex_release                            - Undefined Weak Reference
    _printf_post_padding                      - Undefined Weak Reference
    _printf_pre_padding                       - Undefined Weak Reference
    _printf_truncate_signed                   - Undefined Weak Reference
    _printf_truncate_unsigned                 - Undefined Weak Reference
    _rand_init                                - Undefined Weak Reference
    _signal_finish                            - Undefined Weak Reference
    _signal_init                              - Undefined Weak Reference
    _terminate_alloc                          - Undefined Weak Reference
    _terminate_user_alloc                     - Undefined Weak Reference
    _terminateio                              - Undefined Weak Reference
    __Vectors_Size                           0x00000188   Number         0  startup_stm32f407xx.o ABSOLUTE
    __Vectors                                0x08000000   Data           4  startup_stm32f407xx.o(RESET)
    __Vectors_End                            0x08000188   Data           0  startup_stm32f407xx.o(RESET)
    __main                                   0x08000189   Thumb Code     8  __main.o(!!!main)
    __scatterload                            0x08000191   Thumb Code     0  __scatter.o(!!!scatter)
    __scatterload_rt2                        0x08000191   Thumb Code    84  __scatter.o(!!!scatter)
    __scatterload_rt2_thumb_only             0x08000191   Thumb Code     0  __scatter.o(!!!scatter)
    __scatterload_loop                       0x0800019b   Thumb Code     0  __scatter.o(!!!scatter)
    __scatterload_copy                       0x080001ed   Thumb Code    26  __scatter_copy.o(!!handler_copy)
    __scatterload_null                       0x08000209   Thumb Code     2  __scatter.o(!!handler_null)
    __scatterload_zeroinit                   0x0800020d   Thumb Code    28  __scatter_zi.o(!!handler_zi)
    _printf_d                                0x08000229   Thumb Code     0  _printf_d.o(.ARM.Collect$$_printf_percent$$00000009)
    _printf_percent                          0x08000229   Thumb Code     0  _printf_percent.o(.ARM.Collect$$_printf_percent$$00000000)
    _printf_percent_end                      0x0800022f   Thumb Code     0  _printf_percent_end.o(.ARM.Collect$$_printf_percent$$00000017)
    __rt_lib_init                            0x08000233   Thumb Code     0  libinit.o(.ARM.Collect$$libinit$$00000000)
    __rt_lib_init_fp_1                       0x08000235   Thumb Code     0  libinit2.o(.ARM.Collect$$libinit$$00000001)
    __rt_lib_init_alloca_1                   0x08000239   Thumb Code     0  libinit2.o(.ARM.Collect$$libinit$$00000030)
    __rt_lib_init_argv_1                     0x08000239   Thumb Code     0  libinit2.o(.ARM.Collect$$libinit$$0000002E)
    __rt_lib_init_atexit_1                   0x08000239   Thumb Code     0  libinit2.o(.ARM.Collect$$libinit$$0000001D)
    __rt_lib_init_clock_1                    0x08000239   Thumb Code     0  libinit2.o(.ARM.Collect$$libinit$$00000023)
    __rt_lib_init_cpp_1                      0x08000239   Thumb Code     0  libinit2.o(.ARM.Collect$$libinit$$00000034)
    __rt_lib_init_exceptions_1               0x08000239   Thumb Code     0  libinit2.o(.ARM.Collect$$libinit$$00000032)
    __rt_lib_init_fp_trap_1                  0x08000239   Thumb Code     0  libinit2.o(.ARM.Collect$$libinit$$00000021)
    __rt_lib_init_getenv_1                   0x08000239   Thumb Code     0  libinit2.o(.ARM.Collect$$libinit$$00000025)
    __rt_lib_init_heap_1                     0x08000239   Thumb Code     0  libinit2.o(.ARM.Collect$$libinit$$0000000C)
    __rt_lib_init_lc_collate_1               0x08000239   Thumb Code     0  libinit2.o(.ARM.Collect$$libinit$$00000013)
    __rt_lib_init_lc_ctype_1                 0x08000239   Thumb Code     0  libinit2.o(.ARM.Collect$$libinit$$00000015)
    __rt_lib_init_lc_monetary_1              0x08000239   Thumb Code     0  libinit2.o(.ARM.Collect$$libinit$$00000017)
    __rt_lib_init_lc_numeric_1               0x08000239   Thumb Code     0  libinit2.o(.ARM.Collect$$libinit$$00000019)
    __rt_lib_init_lc_time_1                  0x08000239   Thumb Code     0  libinit2.o(.ARM.Collect$$libinit$$0000001B)
    __rt_lib_init_preinit_1                  0x08000239   Thumb Code     0  libinit2.o(.ARM.Collect$$libinit$$00000006)
    __rt_lib_init_rand_1                     0x08000239   Thumb Code     0  libinit2.o(.ARM.Collect$$libinit$$00000010)
    __rt_lib_init_relocate_pie_1             0x08000239   Thumb Code     0  libinit2.o(.ARM.Collect$$libinit$$00000004)
    __rt_lib_init_return                     0x08000239   Thumb Code     0  libinit2.o(.ARM.Collect$$libinit$$00000035)
    __rt_lib_init_signal_1                   0x08000239   Thumb Code     0  libinit2.o(.ARM.Collect$$libinit$$0000001F)
    __rt_lib_init_stdio_1                    0x08000239   Thumb Code     0  libinit2.o(.ARM.Collect$$libinit$$00000027)
    __rt_lib_init_user_alloc_1               0x08000239   Thumb Code     0  libinit2.o(.ARM.Collect$$libinit$$0000000E)
    __rt_lib_shutdown                        0x0800023b   Thumb Code     0  libshutdown.o(.ARM.Collect$$libshutdown$$00000000)
    __rt_lib_shutdown_cpp_1                  0x0800023d   Thumb Code     0  libshutdown2.o(.ARM.Collect$$libshutdown$$00000002)
    __rt_lib_shutdown_fp_trap_1              0x0800023d   Thumb Code     0  libshutdown2.o(.ARM.Collect$$libshutdown$$00000007)
    __rt_lib_shutdown_heap_1                 0x0800023d   Thumb Code     0  libshutdown2.o(.ARM.Collect$$libshutdown$$0000000F)
    __rt_lib_shutdown_return                 0x0800023d   Thumb Code     0  libshutdown2.o(.ARM.Collect$$libshutdown$$00000010)
    __rt_lib_shutdown_signal_1               0x0800023d   Thumb Code     0  libshutdown2.o(.ARM.Collect$$libshutdown$$0000000A)
    __rt_lib_shutdown_stdio_1                0x0800023d   Thumb Code     0  libshutdown2.o(.ARM.Collect$$libshutdown$$00000004)
    __rt_lib_shutdown_user_alloc_1           0x0800023d   Thumb Code     0  libshutdown2.o(.ARM.Collect$$libshutdown$$0000000C)
    __rt_entry                               0x0800023f   Thumb Code     0  __rtentry.o(.ARM.Collect$$rtentry$$00000000)
    __rt_entry_presh_1                       0x0800023f   Thumb Code     0  __rtentry2.o(.ARM.Collect$$rtentry$$00000002)
    __rt_entry_sh                            0x0800023f   Thumb Code     0  __rtentry4.o(.ARM.Collect$$rtentry$$00000004)
    __rt_entry_li                            0x08000245   Thumb Code     0  __rtentry2.o(.ARM.Collect$$rtentry$$0000000A)
    __rt_entry_postsh_1                      0x08000245   Thumb Code     0  __rtentry2.o(.ARM.Collect$$rtentry$$00000009)
    __rt_entry_main                          0x08000249   Thumb Code     0  __rtentry2.o(.ARM.Collect$$rtentry$$0000000D)
    __rt_entry_postli_1                      0x08000249   Thumb Code     0  __rtentry2.o(.ARM.Collect$$rtentry$$0000000C)
    __rt_exit                                0x08000251   Thumb Code     0  rtexit.o(.ARM.Collect$$rtexit$$00000000)
    __rt_exit_ls                             0x08000253   Thumb Code     0  rtexit2.o(.ARM.Collect$$rtexit$$00000003)
    __rt_exit_prels_1                        0x08000253   Thumb Code     0  rtexit2.o(.ARM.Collect$$rtexit$$00000002)
    __rt_exit_exit                           0x08000257   Thumb Code     0  rtexit2.o(.ARM.Collect$$rtexit$$00000004)
    Reset_Handler                            0x0800025d   Thumb Code     8  startup_stm32f407xx.o(.text)
    ADC_IRQHandler                           0x08000277   Thumb Code     0  startup_stm32f407xx.o(.text)
    CAN1_RX0_IRQHandler                      0x08000277   Thumb Code     0  startup_stm32f407xx.o(.text)
    CAN1_RX1_IRQHandler                      0x08000277   Thumb Code     0  startup_stm32f407xx.o(.text)
    CAN1_SCE_IRQHandler                      0x08000277   Thumb Code     0  startup_stm32f407xx.o(.text)
    CAN1_TX_IRQHandler                       0x08000277   Thumb Code     0  startup_stm32f407xx.o(.text)
    CAN2_RX0_IRQHandler                      0x08000277   Thumb Code     0  startup_stm32f407xx.o(.text)
    CAN2_RX1_IRQHandler                      0x08000277   Thumb Code     0  startup_stm32f407xx.o(.text)
    CAN2_SCE_IRQHandler                      0x08000277   Thumb Code     0  startup_stm32f407xx.o(.text)
    CAN2_TX_IRQHandler                       0x08000277   Thumb Code     0  startup_stm32f407xx.o(.text)
    DCMI_IRQHandler                          0x08000277   Thumb Code     0  startup_stm32f407xx.o(.text)
    DMA1_Stream0_IRQHandler                  0x08000277   Thumb Code     0  startup_stm32f407xx.o(.text)
    DMA1_Stream1_IRQHandler                  0x08000277   Thumb Code     0  startup_stm32f407xx.o(.text)
    DMA1_Stream2_IRQHandler                  0x08000277   Thumb Code     0  startup_stm32f407xx.o(.text)
    DMA1_Stream3_IRQHandler                  0x08000277   Thumb Code     0  startup_stm32f407xx.o(.text)
    DMA1_Stream4_IRQHandler                  0x08000277   Thumb Code     0  startup_stm32f407xx.o(.text)
    DMA1_Stream5_IRQHandler                  0x08000277   Thumb Code     0  startup_stm32f407xx.o(.text)
    DMA1_Stream6_IRQHandler                  0x08000277   Thumb Code     0  startup_stm32f407xx.o(.text)
    DMA1_Stream7_IRQHandler                  0x08000277   Thumb Code     0  startup_stm32f407xx.o(.text)
    DMA2_Stream0_IRQHandler                  0x08000277   Thumb Code     0  startup_stm32f407xx.o(.text)
    DMA2_Stream1_IRQHandler                  0x08000277   Thumb Code     0  startup_stm32f407xx.o(.text)
    DMA2_Stream2_IRQHandler                  0x08000277   Thumb Code     0  startup_stm32f407xx.o(.text)
    DMA2_Stream3_IRQHandler                  0x08000277   Thumb Code     0  startup_stm32f407xx.o(.text)
    DMA2_Stream4_IRQHandler                  0x08000277   Thumb Code     0  startup_stm32f407xx.o(.text)
    DMA2_Stream5_IRQHandler                  0x08000277   Thumb Code     0  startup_stm32f407xx.o(.text)
    DMA2_Stream6_IRQHandler                  0x08000277   Thumb Code     0  startup_stm32f407xx.o(.text)
    DMA2_Stream7_IRQHandler                  0x08000277   Thumb Code     0  startup_stm32f407xx.o(.text)
    ETH_IRQHandler                           0x08000277   Thumb Code     0  startup_stm32f407xx.o(.text)
    ETH_WKUP_IRQHandler                      0x08000277   Thumb Code     0  startup_stm32f407xx.o(.text)
    EXTI0_IRQHandler                         0x08000277   Thumb Code     0  startup_stm32f407xx.o(.text)
    EXTI15_10_IRQHandler                     0x08000277   Thumb Code     0  startup_stm32f407xx.o(.text)
    EXTI1_IRQHandler                         0x08000277   Thumb Code     0  startup_stm32f407xx.o(.text)
    EXTI3_IRQHandler                         0x08000277   Thumb Code     0  startup_stm32f407xx.o(.text)
    EXTI4_IRQHandler                         0x08000277   Thumb Code     0  startup_stm32f407xx.o(.text)
    EXTI9_5_IRQHandler                       0x08000277   Thumb Code     0  startup_stm32f407xx.o(.text)
    FLASH_IRQHandler                         0x08000277   Thumb Code     0  startup_stm32f407xx.o(.text)
    FMC_IRQHandler                           0x08000277   Thumb Code     0  startup_stm32f407xx.o(.text)
    FPU_IRQHandler                           0x08000277   Thumb Code     0  startup_stm32f407xx.o(.text)
    HASH_RNG_IRQHandler                      0x08000277   Thumb Code     0  startup_stm32f407xx.o(.text)
    I2C1_ER_IRQHandler                       0x08000277   Thumb Code     0  startup_stm32f407xx.o(.text)
    I2C1_EV_IRQHandler                       0x08000277   Thumb Code     0  startup_stm32f407xx.o(.text)
    I2C2_ER_IRQHandler                       0x08000277   Thumb Code     0  startup_stm32f407xx.o(.text)
    I2C2_EV_IRQHandler                       0x08000277   Thumb Code     0  startup_stm32f407xx.o(.text)
    I2C3_ER_IRQHandler                       0x08000277   Thumb Code     0  startup_stm32f407xx.o(.text)
    I2C3_EV_IRQHandler                       0x08000277   Thumb Code     0  startup_stm32f407xx.o(.text)
    OTG_FS_IRQHandler                        0x08000277   Thumb Code     0  startup_stm32f407xx.o(.text)
    OTG_FS_WKUP_IRQHandler                   0x08000277   Thumb Code     0  startup_stm32f407xx.o(.text)
    OTG_HS_EP1_IN_IRQHandler                 0x08000277   Thumb Code     0  startup_stm32f407xx.o(.text)
    OTG_HS_EP1_OUT_IRQHandler                0x08000277   Thumb Code     0  startup_stm32f407xx.o(.text)
    OTG_HS_IRQHandler                        0x08000277   Thumb Code     0  startup_stm32f407xx.o(.text)
    OTG_HS_WKUP_IRQHandler                   0x08000277   Thumb Code     0  startup_stm32f407xx.o(.text)
    PVD_IRQHandler                           0x08000277   Thumb Code     0  startup_stm32f407xx.o(.text)
    RCC_IRQHandler                           0x08000277   Thumb Code     0  startup_stm32f407xx.o(.text)
    RTC_Alarm_IRQHandler                     0x08000277   Thumb Code     0  startup_stm32f407xx.o(.text)
    RTC_WKUP_IRQHandler                      0x08000277   Thumb Code     0  startup_stm32f407xx.o(.text)
    SDIO_IRQHandler                          0x08000277   Thumb Code     0  startup_stm32f407xx.o(.text)
    SPI1_IRQHandler                          0x08000277   Thumb Code     0  startup_stm32f407xx.o(.text)
    SPI2_IRQHandler                          0x08000277   Thumb Code     0  startup_stm32f407xx.o(.text)
    SPI3_IRQHandler                          0x08000277   Thumb Code     0  startup_stm32f407xx.o(.text)
    TAMP_STAMP_IRQHandler                    0x08000277   Thumb Code     0  startup_stm32f407xx.o(.text)
    TIM1_BRK_TIM9_IRQHandler                 0x08000277   Thumb Code     0  startup_stm32f407xx.o(.text)
    TIM1_CC_IRQHandler                       0x08000277   Thumb Code     0  startup_stm32f407xx.o(.text)
    TIM1_TRG_COM_TIM11_IRQHandler            0x08000277   Thumb Code     0  startup_stm32f407xx.o(.text)
    TIM1_UP_TIM10_IRQHandler                 0x08000277   Thumb Code     0  startup_stm32f407xx.o(.text)
    TIM2_IRQHandler                          0x08000277   Thumb Code     0  startup_stm32f407xx.o(.text)
    TIM3_IRQHandler                          0x08000277   Thumb Code     0  startup_stm32f407xx.o(.text)
    TIM4_IRQHandler                          0x08000277   Thumb Code     0  startup_stm32f407xx.o(.text)
    TIM7_IRQHandler                          0x08000277   Thumb Code     0  startup_stm32f407xx.o(.text)
    TIM8_BRK_TIM12_IRQHandler                0x08000277   Thumb Code     0  startup_stm32f407xx.o(.text)
    TIM8_CC_IRQHandler                       0x08000277   Thumb Code     0  startup_stm32f407xx.o(.text)
    TIM8_TRG_COM_TIM14_IRQHandler            0x08000277   Thumb Code     0  startup_stm32f407xx.o(.text)
    TIM8_UP_TIM13_IRQHandler                 0x08000277   Thumb Code     0  startup_stm32f407xx.o(.text)
    UART4_IRQHandler                         0x08000277   Thumb Code     0  startup_stm32f407xx.o(.text)
    UART5_IRQHandler                         0x08000277   Thumb Code     0  startup_stm32f407xx.o(.text)
    USART1_IRQHandler                        0x08000277   Thumb Code     0  startup_stm32f407xx.o(.text)
    USART2_IRQHandler                        0x08000277   Thumb Code     0  startup_stm32f407xx.o(.text)
    USART3_IRQHandler                        0x08000277   Thumb Code     0  startup_stm32f407xx.o(.text)
    USART6_IRQHandler                        0x08000277   Thumb Code     0  startup_stm32f407xx.o(.text)
    WWDG_IRQHandler                          0x08000277   Thumb Code     0  startup_stm32f407xx.o(.text)
    __user_initial_stackheap                 0x08000279   Thumb Code     0  startup_stm32f407xx.o(.text)
    __use_no_semihosting                     0x0800029d   Thumb Code     2  use_no_semi_2.o(.text)
    __aeabi_uldivmod                         0x0800029f   Thumb Code     0  lludivv7m.o(.text)
    _ll_udiv                                 0x0800029f   Thumb Code   240  lludivv7m.o(.text)
    __2printf                                0x08000391   Thumb Code    20  noretval__2printf.o(.text)
    __printf                                 0x080003a9   Thumb Code   104  __printf.o(.text)
    _printf_int_dec                          0x08000411   Thumb Code   104  _printf_dec.o(.text)
    puts                                     0x08000489   Thumb Code    40  puts.o(.text)
    __aeabi_memclr4                          0x080004b5   Thumb Code     0  rt_memclr_w.o(.text)
    __aeabi_memclr8                          0x080004b5   Thumb Code     0  rt_memclr_w.o(.text)
    __rt_memclr_w                            0x080004b5   Thumb Code     0  rt_memclr_w.o(.text)
    _memset_w                                0x080004b9   Thumb Code    74  rt_memclr_w.o(.text)
    __use_two_region_memory                  0x08000503   Thumb Code     2  heapauxi.o(.text)
    __rt_heap_escrow$2region                 0x08000505   Thumb Code     2  heapauxi.o(.text)
    __rt_heap_expand$2region                 0x08000507   Thumb Code     2  heapauxi.o(.text)
    __semihosting$guard                      0x08000509   Thumb Code     0  use_no_semi.o(.text)
    __use_no_semihosting_swi                 0x08000509   Thumb Code     2  use_no_semi.o(.text)
    _printf_int_common                       0x0800050b   Thumb Code   178  _printf_intcommon.o(.text)
    _printf_char_file                        0x080005bd   Thumb Code    32  _printf_char_file.o(.text)
    _printf_char_common                      0x080005eb   Thumb Code    32  _printf_char_common.o(.text)
    ferror                                   0x08000611   Thumb Code     8  ferror.o(.text)
    __user_setup_stackheap                   0x08000619   Thumb Code    74  sys_stackheap_outer.o(.text)
    exit                                     0x08000663   Thumb Code    18  exit.o(.text)
    __user_libspace                          0x08000675   Thumb Code     8  libspace.o(.text)
    __user_perproc_libspace                  0x08000675   Thumb Code     0  libspace.o(.text)
    __user_perthread_libspace                0x08000675   Thumb Code     0  libspace.o(.text)
    BusFault_Handler                         0x0800067d   Thumb Code     2  stm32f4xx_it.o(.text.BusFault_Handler)
    DebugMon_Handler                         0x08000681   Thumb Code     2  stm32f4xx_it.o(.text.DebugMon_Handler)
    EXTI2_IRQHandler                         0x08000685   Thumb Code     6  stm32f4xx_it.o(.text.EXTI2_IRQHandler)
    Error_Handler                            0x0800068d   Thumb Code     6  main.o(.text.Error_Handler)
    HAL_ADC_ConfigChannel                    0x08000695   Thumb Code   262  stm32f4xx_hal_adc.o(.text.HAL_ADC_ConfigChannel)
    HAL_ADC_Init                             0x0800079d   Thumb Code   332  stm32f4xx_hal_adc.o(.text.HAL_ADC_Init)
    HAL_ADC_MspInit                          0x080008e9   Thumb Code   218  adc.o(.text.HAL_ADC_MspInit)
    HAL_Delay                                0x080009c5   Thumb Code    40  stm32f4xx_hal.o(.text.HAL_Delay)
    HAL_GPIO_EXTI_Callback                   0x080009ed   Thumb Code    14  main.o(.text.HAL_GPIO_EXTI_Callback)
    HAL_GPIO_EXTI_IRQHandler                 0x080009fd   Thumb Code    22  stm32f4xx_hal_gpio.o(.text.HAL_GPIO_EXTI_IRQHandler)
    HAL_GPIO_Init                            0x08000a15   Thumb Code   408  stm32f4xx_hal_gpio.o(.text.HAL_GPIO_Init)
    HAL_GPIO_ReadPin                         0x08000bad   Thumb Code    10  stm32f4xx_hal_gpio.o(.text.HAL_GPIO_ReadPin)
    HAL_GPIO_TogglePin                       0x08000bb9   Thumb Code    16  stm32f4xx_hal_gpio.o(.text.HAL_GPIO_TogglePin)
    HAL_GPIO_WritePin                        0x08000bc9   Thumb Code    10  stm32f4xx_hal_gpio.o(.text.HAL_GPIO_WritePin)
    HAL_GetTick                              0x08000bd5   Thumb Code    12  stm32f4xx_hal.o(.text.HAL_GetTick)
    HAL_I2C_Init                             0x08000be1   Thumb Code   368  stm32f4xx_hal_i2c.o(.text.HAL_I2C_Init)
    HAL_I2C_MspInit                          0x08000d51   Thumb Code   114  i2c.o(.text.HAL_I2C_MspInit)
    HAL_IncTick                              0x08000dc5   Thumb Code    26  stm32f4xx_hal.o(.text.HAL_IncTick)
    HAL_Init                                 0x08000de1   Thumb Code    54  stm32f4xx_hal.o(.text.HAL_Init)
    HAL_InitTick                             0x08000e19   Thumb Code   174  stm32f4xx_hal_timebase_tim.o(.text.HAL_InitTick)
    HAL_MspInit                              0x08000ec9   Thumb Code    56  stm32f4xx_hal_msp.o(.text.HAL_MspInit)
    HAL_NVIC_EnableIRQ                       0x08000f01   Thumb Code    32  stm32f4xx_hal_cortex.o(.text.HAL_NVIC_EnableIRQ)
    HAL_NVIC_SetPriority                     0x08000f21   Thumb Code    86  stm32f4xx_hal_cortex.o(.text.HAL_NVIC_SetPriority)
    HAL_NVIC_SetPriorityGrouping             0x08000f79   Thumb Code    32  stm32f4xx_hal_cortex.o(.text.HAL_NVIC_SetPriorityGrouping)
    HAL_RCC_ClockConfig                      0x08000f99   Thumb Code   352  stm32f4xx_hal_rcc.o(.text.HAL_RCC_ClockConfig)
    HAL_RCC_GetClockConfig                   0x080010f9   Thumb Code    62  stm32f4xx_hal_rcc.o(.text.HAL_RCC_GetClockConfig)
    HAL_RCC_GetHCLKFreq                      0x08001139   Thumb Code    12  stm32f4xx_hal_rcc.o(.text.HAL_RCC_GetHCLKFreq)
    HAL_RCC_GetPCLK1Freq                     0x08001145   Thumb Code    38  stm32f4xx_hal_rcc.o(.text.HAL_RCC_GetPCLK1Freq)
    HAL_RCC_GetPCLK2Freq                     0x0800116d   Thumb Code    38  stm32f4xx_hal_rcc.o(.text.HAL_RCC_GetPCLK2Freq)
    HAL_RCC_GetSysClockFreq                  0x08001195   Thumb Code   104  stm32f4xx_hal_rcc.o(.text.HAL_RCC_GetSysClockFreq)
    HAL_RCC_OscConfig                        0x080011fd   Thumb Code   852  stm32f4xx_hal_rcc.o(.text.HAL_RCC_OscConfig)
    HAL_TIMEx_BreakCallback                  0x08001551   Thumb Code     2  stm32f4xx_hal_tim_ex.o(.text.HAL_TIMEx_BreakCallback)
    HAL_TIMEx_CommutCallback                 0x08001555   Thumb Code     2  stm32f4xx_hal_tim_ex.o(.text.HAL_TIMEx_CommutCallback)
    HAL_TIMEx_ConfigBreakDeadTime            0x08001559   Thumb Code    80  stm32f4xx_hal_tim_ex.o(.text.HAL_TIMEx_ConfigBreakDeadTime)
    HAL_TIMEx_HallSensor_Init                0x080015a9   Thumb Code   194  stm32f4xx_hal_tim_ex.o(.text.HAL_TIMEx_HallSensor_Init)
    HAL_TIMEx_HallSensor_MspInit             0x0800166d   Thumb Code   108  tim.o(.text.HAL_TIMEx_HallSensor_MspInit)
    HAL_TIMEx_MasterConfigSynchronization    0x080016d9   Thumb Code   188  stm32f4xx_hal_tim_ex.o(.text.HAL_TIMEx_MasterConfigSynchronization)
    HAL_TIM_Base_Init                        0x08001795   Thumb Code    90  stm32f4xx_hal_tim.o(.text.HAL_TIM_Base_Init)
    HAL_TIM_Base_MspInit                     0x080017f1   Thumb Code   116  tim.o(.text.HAL_TIM_Base_MspInit)
    HAL_TIM_Base_Start                       0x08001865   Thumb Code   160  stm32f4xx_hal_tim.o(.text.HAL_TIM_Base_Start)
    HAL_TIM_Base_Start_IT                    0x08001905   Thumb Code   168  stm32f4xx_hal_tim.o(.text.HAL_TIM_Base_Start_IT)
    HAL_TIM_ConfigClockSource                0x080019ad   Thumb Code   418  stm32f4xx_hal_tim.o(.text.HAL_TIM_ConfigClockSource)
    HAL_TIM_Encoder_Init                     0x08001b51   Thumb Code   178  stm32f4xx_hal_tim.o(.text.HAL_TIM_Encoder_Init)
    HAL_TIM_Encoder_MspInit                  0x08001c05   Thumb Code   110  tim.o(.text.HAL_TIM_Encoder_MspInit)
    HAL_TIM_Encoder_Start                    0x08001c75   Thumb Code   204  stm32f4xx_hal_tim.o(.text.HAL_TIM_Encoder_Start)
    HAL_TIM_IC_CaptureCallback               0x08001d41   Thumb Code     2  stm32f4xx_hal_tim.o(.text.HAL_TIM_IC_CaptureCallback)
    HAL_TIM_IRQHandler                       0x08001d45   Thumb Code   330  stm32f4xx_hal_tim.o(.text.HAL_TIM_IRQHandler)
    HAL_TIM_MspPostInit                      0x08001e91   Thumb Code   254  tim.o(.text.HAL_TIM_MspPostInit)
    HAL_TIM_OC_ConfigChannel                 0x08001f91   Thumb Code   428  stm32f4xx_hal_tim.o(.text.HAL_TIM_OC_ConfigChannel)
    HAL_TIM_OC_DelayElapsedCallback          0x0800213d   Thumb Code     2  stm32f4xx_hal_tim.o(.text.HAL_TIM_OC_DelayElapsedCallback)
    HAL_TIM_OC_Init                          0x08002141   Thumb Code    90  stm32f4xx_hal_tim.o(.text.HAL_TIM_OC_Init)
    HAL_TIM_OC_MspInit                       0x0800219d   Thumb Code    50  tim.o(.text.HAL_TIM_OC_MspInit)
    HAL_TIM_PWM_ConfigChannel                0x080021d1   Thumb Code   534  stm32f4xx_hal_tim.o(.text.HAL_TIM_PWM_ConfigChannel)
    HAL_TIM_PWM_Init                         0x080023e9   Thumb Code    90  stm32f4xx_hal_tim.o(.text.HAL_TIM_PWM_Init)
    HAL_TIM_PWM_MspInit                      0x08002445   Thumb Code     2  stm32f4xx_hal_tim.o(.text.HAL_TIM_PWM_MspInit)
    HAL_TIM_PWM_PulseFinishedCallback        0x08002449   Thumb Code     2  stm32f4xx_hal_tim.o(.text.HAL_TIM_PWM_PulseFinishedCallback)
    HAL_TIM_PWM_Start                        0x0800244d   Thumb Code   290  stm32f4xx_hal_tim.o(.text.HAL_TIM_PWM_Start)
    HAL_TIM_PWM_Stop                         0x08002571   Thumb Code   156  stm32f4xx_hal_tim.o(.text.HAL_TIM_PWM_Stop)
    HAL_TIM_PeriodElapsedCallback            0x0800260d   Thumb Code   176  main.o(.text.HAL_TIM_PeriodElapsedCallback)
    HAL_TIM_TriggerCallback                  0x080026e1   Thumb Code     2  stm32f4xx_hal_tim.o(.text.HAL_TIM_TriggerCallback)
    HAL_UART_Init                            0x080026e5   Thumb Code    96  stm32f4xx_hal_uart.o(.text.HAL_UART_Init)
    HAL_UART_MspInit                         0x08002745   Thumb Code   116  usart.o(.text.HAL_UART_MspInit)
    HAL_UART_Transmit                        0x080027b9   Thumb Code   238  stm32f4xx_hal_uart.o(.text.HAL_UART_Transmit)
    HardFault_Handler                        0x080028a9   Thumb Code     2  stm32f4xx_it.o(.text.HardFault_Handler)
    MX_ADC1_Init                             0x080028ad   Thumb Code   114  adc.o(.text.MX_ADC1_Init)
    MX_ADC2_Init                             0x08002921   Thumb Code   114  adc.o(.text.MX_ADC2_Init)
    MX_GPIO_Init                             0x08002995   Thumb Code   272  gpio.o(.text.MX_GPIO_Init)
    MX_I2C1_Init                             0x08002aa5   Thumb Code    66  i2c.o(.text.MX_I2C1_Init)
    MX_TIM1_Init                             0x08002ae9   Thumb Code   256  tim.o(.text.MX_TIM1_Init)
    MX_TIM2_Init                             0x08002be9   Thumb Code    92  tim.o(.text.MX_TIM2_Init)
    MX_TIM3_Init                             0x08002c45   Thumb Code   120  tim.o(.text.MX_TIM3_Init)
    MX_TIM4_Init                             0x08002cbd   Thumb Code   204  tim.o(.text.MX_TIM4_Init)
    MX_TIM6_Init                             0x08002d89   Thumb Code    82  tim.o(.text.MX_TIM6_Init)
    MX_USART1_UART_Init                      0x08002ddd   Thumb Code    60  usart.o(.text.MX_USART1_UART_Init)
    MemManage_Handler                        0x08002e19   Thumb Code     2  stm32f4xx_it.o(.text.MemManage_Handler)
    NMI_Handler                              0x08002e1d   Thumb Code     2  stm32f4xx_it.o(.text.NMI_Handler)
    PendSV_Handler                           0x08002e21   Thumb Code     2  stm32f4xx_it.o(.text.PendSV_Handler)
    SVC_Handler                              0x08002e25   Thumb Code     2  stm32f4xx_it.o(.text.SVC_Handler)
    SysTick_Handler                          0x08002e29   Thumb Code     2  stm32f4xx_it.o(.text.SysTick_Handler)
    SystemClock_Config                       0x08002e2d   Thumb Code   170  main.o(.text.SystemClock_Config)
    SystemInit                               0x08002ed9   Thumb Code    18  system_stm32f4xx.o(.text.SystemInit)
    TIM5_IRQHandler                          0x08002eed   Thumb Code    12  stm32f4xx_it.o(.text.TIM5_IRQHandler)
    TIM6_DAC_IRQHandler                      0x08002ef9   Thumb Code    12  stm32f4xx_it.o(.text.TIM6_DAC_IRQHandler)
    TIM_Base_SetConfig                       0x08002f05   Thumb Code   308  stm32f4xx_hal_tim.o(.text.TIM_Base_SetConfig)
    TIM_OC2_SetConfig                        0x08003039   Thumb Code   104  stm32f4xx_hal_tim.o(.text.TIM_OC2_SetConfig)
    TIM_TI1_SetConfig                        0x080030a1   Thumb Code   168  stm32f4xx_hal_tim.o(.text.TIM_TI1_SetConfig)
    UsageFault_Handler                       0x08003231   Thumb Code     2  stm32f4xx_it.o(.text.UsageFault_Handler)
    _sys_exit                                0x08003235   Thumb Code     2  bsp.o(.text._sys_exit)
    brushmotor_init                          0x08003239   Thumb Code   128  brushmotor.o(.text.brushmotor_init)
    brushmotor_set_speed                     0x080032b9   Thumb Code    14  brushmotor.o(.text.brushmotor_set_speed)
    brushmotor_stop                          0x080032c9   Thumb Code    48  brushmotor.o(.text.brushmotor_stop)
    fputc                                    0x080032f9   Thumb Code    52  bsp.o(.text.fputc)
    main                                     0x0800332d   Thumb Code   212  main.o(.text.main)
    _fp_init                                 0x0800344d   Thumb Code    26  fpinit.o(x$fpl$fpinit)
    __fplib_config_fpu_vfp                   0x08003465   Thumb Code     0  fpinit.o(x$fpl$fpinit)
    __fplib_config_pureend_doubles           0x08003465   Thumb Code     0  fpinit.o(x$fpl$fpinit)
    AHBPrescTable                            0x08003466   Data          16  system_stm32f4xx.o(.rodata.AHBPrescTable)
    APBPrescTable                            0x08003476   Data           8  system_stm32f4xx.o(.rodata.APBPrescTable)
    Region$$Table$$Base                      0x08003480   Number         0  anon$$obj.o(Region$$Table)
    Region$$Table$$Limit                     0x080034a0   Number         0  anon$$obj.o(Region$$Table)
    __ARM_use_no_argv                        0x20000000   Data           4  main.o(.ARM.use_no_argv)
    SystemCoreClock                          0x20000004   Data           4  system_stm32f4xx.o(.data.SystemCoreClock)
    uwTickFreq                               0x20000008   Data           1  stm32f4xx_hal.o(.data.uwTickFreq)
    uwTickPrio                               0x2000000c   Data           4  stm32f4xx_hal.o(.data.uwTickPrio)
    __libspace_start                         0x20000010   Data          96  libspace.o(.bss)
    __temporary_stack_top$libspace           0x20000070   Data           0  libspace.o(.bss)
    __stdout                                 0x20000074   Data          84  bsp.o(.bss.__stdout)
    hadc1                                    0x200000c8   Data          72  adc.o(.bss.hadc1)
    hadc2                                    0x20000110   Data          72  adc.o(.bss.hadc2)
    hi2c1                                    0x20000158   Data          84  i2c.o(.bss.hi2c1)
    htim1                                    0x200001ac   Data          72  tim.o(.bss.htim1)
    htim2                                    0x200001f4   Data          72  tim.o(.bss.htim2)
    htim3                                    0x2000023c   Data          72  tim.o(.bss.htim3)
    htim4                                    0x20000284   Data          72  tim.o(.bss.htim4)
    htim5                                    0x200002cc   Data          72  stm32f4xx_hal_timebase_tim.o(.bss.htim5)
    htim6                                    0x20000314   Data          72  tim.o(.bss.htim6)
    huart1                                   0x2000035c   Data          72  usart.o(.bss.huart1)
    motor_speed                              0x200003a4   Data           2  main.o(.bss.motor_speed)
    speed_dir                                0x200003a6   Data           1  main.o(.bss.speed_dir)
    uwTick                                   0x200003a8   Data           4  stm32f4xx_hal.o(.bss.uwTick)



==============================================================================

Memory Map of the image

  Image Entry point : 0x08000189

  Load Region LR_IROM1 (Base: 0x08000000, Size: 0x000034b0, Max: 0x00080000, ABSOLUTE)

    Execution Region ER_IROM1 (Exec base: 0x08000000, Load base: 0x08000000, Size: 0x000034a0, Max: 0x00080000, ABSOLUTE)

    Exec Addr    Load Addr    Size         Type   Attr      Idx    E Section Name        Object

    0x08000000   0x08000000   0x00000188   Data   RO            3    RESET               startup_stm32f407xx.o
    0x08000188   0x08000188   0x00000008   Code   RO         1330  * !!!main             c_w.l(__main.o)
    0x08000190   0x08000190   0x0000005c   Code   RO         1505    !!!scatter          c_w.l(__scatter.o)
    0x080001ec   0x080001ec   0x0000001a   Code   RO         1509    !!handler_copy      c_w.l(__scatter_copy.o)
    0x08000206   0x08000206   0x00000002   PAD
    0x08000208   0x08000208   0x00000002   Code   RO         1506    !!handler_null      c_w.l(__scatter.o)
    0x0800020a   0x0800020a   0x00000002   PAD
    0x0800020c   0x0800020c   0x0000001c   Code   RO         1511    !!handler_zi        c_w.l(__scatter_zi.o)
    0x08000228   0x08000228   0x00000000   Code   RO         1323    .ARM.Collect$$_printf_percent$$00000000  c_w.l(_printf_percent.o)
    0x08000228   0x08000228   0x00000006   Code   RO         1322    .ARM.Collect$$_printf_percent$$00000009  c_w.l(_printf_d.o)
    0x0800022e   0x0800022e   0x00000004   Code   RO         1343    .ARM.Collect$$_printf_percent$$00000017  c_w.l(_printf_percent_end.o)
    0x08000232   0x08000232   0x00000002   Code   RO         1382    .ARM.Collect$$libinit$$00000000  c_w.l(libinit.o)
    0x08000234   0x08000234   0x00000004   Code   RO         1394    .ARM.Collect$$libinit$$00000001  c_w.l(libinit2.o)
    0x08000238   0x08000238   0x00000000   Code   RO         1397    .ARM.Collect$$libinit$$00000004  c_w.l(libinit2.o)
    0x08000238   0x08000238   0x00000000   Code   RO         1399    .ARM.Collect$$libinit$$00000006  c_w.l(libinit2.o)
    0x08000238   0x08000238   0x00000000   Code   RO         1402    .ARM.Collect$$libinit$$0000000C  c_w.l(libinit2.o)
    0x08000238   0x08000238   0x00000000   Code   RO         1404    .ARM.Collect$$libinit$$0000000E  c_w.l(libinit2.o)
    0x08000238   0x08000238   0x00000000   Code   RO         1406    .ARM.Collect$$libinit$$00000010  c_w.l(libinit2.o)
    0x08000238   0x08000238   0x00000000   Code   RO         1409    .ARM.Collect$$libinit$$00000013  c_w.l(libinit2.o)
    0x08000238   0x08000238   0x00000000   Code   RO         1411    .ARM.Collect$$libinit$$00000015  c_w.l(libinit2.o)
    0x08000238   0x08000238   0x00000000   Code   RO         1413    .ARM.Collect$$libinit$$00000017  c_w.l(libinit2.o)
    0x08000238   0x08000238   0x00000000   Code   RO         1415    .ARM.Collect$$libinit$$00000019  c_w.l(libinit2.o)
    0x08000238   0x08000238   0x00000000   Code   RO         1417    .ARM.Collect$$libinit$$0000001B  c_w.l(libinit2.o)
    0x08000238   0x08000238   0x00000000   Code   RO         1419    .ARM.Collect$$libinit$$0000001D  c_w.l(libinit2.o)
    0x08000238   0x08000238   0x00000000   Code   RO         1421    .ARM.Collect$$libinit$$0000001F  c_w.l(libinit2.o)
    0x08000238   0x08000238   0x00000000   Code   RO         1423    .ARM.Collect$$libinit$$00000021  c_w.l(libinit2.o)
    0x08000238   0x08000238   0x00000000   Code   RO         1425    .ARM.Collect$$libinit$$00000023  c_w.l(libinit2.o)
    0x08000238   0x08000238   0x00000000   Code   RO         1427    .ARM.Collect$$libinit$$00000025  c_w.l(libinit2.o)
    0x08000238   0x08000238   0x00000000   Code   RO         1429    .ARM.Collect$$libinit$$00000027  c_w.l(libinit2.o)
    0x08000238   0x08000238   0x00000000   Code   RO         1433    .ARM.Collect$$libinit$$0000002E  c_w.l(libinit2.o)
    0x08000238   0x08000238   0x00000000   Code   RO         1435    .ARM.Collect$$libinit$$00000030  c_w.l(libinit2.o)
    0x08000238   0x08000238   0x00000000   Code   RO         1437    .ARM.Collect$$libinit$$00000032  c_w.l(libinit2.o)
    0x08000238   0x08000238   0x00000000   Code   RO         1439    .ARM.Collect$$libinit$$00000034  c_w.l(libinit2.o)
    0x08000238   0x08000238   0x00000002   Code   RO         1440    .ARM.Collect$$libinit$$00000035  c_w.l(libinit2.o)
    0x0800023a   0x0800023a   0x00000002   Code   RO         1464    .ARM.Collect$$libshutdown$$00000000  c_w.l(libshutdown.o)
    0x0800023c   0x0800023c   0x00000000   Code   RO         1488    .ARM.Collect$$libshutdown$$00000002  c_w.l(libshutdown2.o)
    0x0800023c   0x0800023c   0x00000000   Code   RO         1490    .ARM.Collect$$libshutdown$$00000004  c_w.l(libshutdown2.o)
    0x0800023c   0x0800023c   0x00000000   Code   RO         1493    .ARM.Collect$$libshutdown$$00000007  c_w.l(libshutdown2.o)
    0x0800023c   0x0800023c   0x00000000   Code   RO         1496    .ARM.Collect$$libshutdown$$0000000A  c_w.l(libshutdown2.o)
    0x0800023c   0x0800023c   0x00000000   Code   RO         1498    .ARM.Collect$$libshutdown$$0000000C  c_w.l(libshutdown2.o)
    0x0800023c   0x0800023c   0x00000000   Code   RO         1501    .ARM.Collect$$libshutdown$$0000000F  c_w.l(libshutdown2.o)
    0x0800023c   0x0800023c   0x00000002   Code   RO         1502    .ARM.Collect$$libshutdown$$00000010  c_w.l(libshutdown2.o)
    0x0800023e   0x0800023e   0x00000000   Code   RO         1334    .ARM.Collect$$rtentry$$00000000  c_w.l(__rtentry.o)
    0x0800023e   0x0800023e   0x00000000   Code   RO         1345    .ARM.Collect$$rtentry$$00000002  c_w.l(__rtentry2.o)
    0x0800023e   0x0800023e   0x00000006   Code   RO         1357    .ARM.Collect$$rtentry$$00000004  c_w.l(__rtentry4.o)
    0x08000244   0x08000244   0x00000000   Code   RO         1347    .ARM.Collect$$rtentry$$00000009  c_w.l(__rtentry2.o)
    0x08000244   0x08000244   0x00000004   Code   RO         1348    .ARM.Collect$$rtentry$$0000000A  c_w.l(__rtentry2.o)
    0x08000248   0x08000248   0x00000000   Code   RO         1350    .ARM.Collect$$rtentry$$0000000C  c_w.l(__rtentry2.o)
    0x08000248   0x08000248   0x00000008   Code   RO         1351    .ARM.Collect$$rtentry$$0000000D  c_w.l(__rtentry2.o)
    0x08000250   0x08000250   0x00000002   Code   RO         1386    .ARM.Collect$$rtexit$$00000000  c_w.l(rtexit.o)
    0x08000252   0x08000252   0x00000000   Code   RO         1442    .ARM.Collect$$rtexit$$00000002  c_w.l(rtexit2.o)
    0x08000252   0x08000252   0x00000004   Code   RO         1443    .ARM.Collect$$rtexit$$00000003  c_w.l(rtexit2.o)
    0x08000256   0x08000256   0x00000006   Code   RO         1444    .ARM.Collect$$rtexit$$00000004  c_w.l(rtexit2.o)
    0x0800025c   0x0800025c   0x00000040   Code   RO            4    .text               startup_stm32f407xx.o
    0x0800029c   0x0800029c   0x00000002   Code   RO         1290    .text               c_w.l(use_no_semi_2.o)
    0x0800029e   0x0800029e   0x000000f0   Code   RO         1292    .text               c_w.l(lludivv7m.o)
    0x0800038e   0x0800038e   0x00000002   PAD
    0x08000390   0x08000390   0x00000018   Code   RO         1296    .text               c_w.l(noretval__2printf.o)
    0x080003a8   0x080003a8   0x00000068   Code   RO         1298    .text               c_w.l(__printf.o)
    0x08000410   0x08000410   0x00000078   Code   RO         1300    .text               c_w.l(_printf_dec.o)
    0x08000488   0x08000488   0x0000002c   Code   RO         1324    .text               c_w.l(puts.o)
    0x080004b4   0x080004b4   0x0000004e   Code   RO         1326    .text               c_w.l(rt_memclr_w.o)
    0x08000502   0x08000502   0x00000006   Code   RO         1328    .text               c_w.l(heapauxi.o)
    0x08000508   0x08000508   0x00000002   Code   RO         1332    .text               c_w.l(use_no_semi.o)
    0x0800050a   0x0800050a   0x000000b2   Code   RO         1339    .text               c_w.l(_printf_intcommon.o)
    0x080005bc   0x080005bc   0x00000024   Code   RO         1341    .text               c_w.l(_printf_char_file.o)
    0x080005e0   0x080005e0   0x00000030   Code   RO         1361    .text               c_w.l(_printf_char_common.o)
    0x08000610   0x08000610   0x00000008   Code   RO         1363    .text               c_w.l(ferror.o)
    0x08000618   0x08000618   0x0000004a   Code   RO         1367    .text               c_w.l(sys_stackheap_outer.o)
    0x08000662   0x08000662   0x00000012   Code   RO         1371    .text               c_w.l(exit.o)
    0x08000674   0x08000674   0x00000008   Code   RO         1383    .text               c_w.l(libspace.o)
    0x0800067c   0x0800067c   0x00000002   Code   RO          138    .text.BusFault_Handler  stm32f4xx_it.o
    0x0800067e   0x0800067e   0x00000002   PAD
    0x08000680   0x08000680   0x00000002   Code   RO          144    .text.DebugMon_Handler  stm32f4xx_it.o
    0x08000682   0x08000682   0x00000002   PAD
    0x08000684   0x08000684   0x00000006   Code   RO          150    .text.EXTI2_IRQHandler  stm32f4xx_it.o
    0x0800068a   0x0800068a   0x00000002   PAD
    0x0800068c   0x0800068c   0x00000006   Code   RO           91    .text.Error_Handler  main.o
    0x08000692   0x08000692   0x00000002   PAD
    0x08000694   0x08000694   0x00000106   Code   RO          341    .text.HAL_ADC_ConfigChannel  stm32f4xx_hal_adc.o
    0x0800079a   0x0800079a   0x00000002   PAD
    0x0800079c   0x0800079c   0x0000014c   Code   RO          299    .text.HAL_ADC_Init  stm32f4xx_hal_adc.o
    0x080008e8   0x080008e8   0x000000da   Code   RO           49    .text.HAL_ADC_MspInit  adc.o
    0x080009c2   0x080009c2   0x00000002   PAD
    0x080009c4   0x080009c4   0x00000028   Code   RO          254    .text.HAL_Delay     stm32f4xx_hal.o
    0x080009ec   0x080009ec   0x0000000e   Code   RO           93    .text.HAL_GPIO_EXTI_Callback  main.o
    0x080009fa   0x080009fa   0x00000002   PAD
    0x080009fc   0x080009fc   0x00000016   Code   RO          582    .text.HAL_GPIO_EXTI_IRQHandler  stm32f4xx_hal_gpio.o
    0x08000a12   0x08000a12   0x00000002   PAD
    0x08000a14   0x08000a14   0x00000198   Code   RO          570    .text.HAL_GPIO_Init  stm32f4xx_hal_gpio.o
    0x08000bac   0x08000bac   0x0000000a   Code   RO          574    .text.HAL_GPIO_ReadPin  stm32f4xx_hal_gpio.o
    0x08000bb6   0x08000bb6   0x00000002   PAD
    0x08000bb8   0x08000bb8   0x00000010   Code   RO          578    .text.HAL_GPIO_TogglePin  stm32f4xx_hal_gpio.o
    0x08000bc8   0x08000bc8   0x0000000a   Code   RO          576    .text.HAL_GPIO_WritePin  stm32f4xx_hal_gpio.o
    0x08000bd2   0x08000bd2   0x00000002   PAD
    0x08000bd4   0x08000bd4   0x0000000c   Code   RO          246    .text.HAL_GetTick   stm32f4xx_hal.o
    0x08000be0   0x08000be0   0x00000170   Code   RO          594    .text.HAL_I2C_Init  stm32f4xx_hal_i2c.o
    0x08000d50   0x08000d50   0x00000072   Code   RO           74    .text.HAL_I2C_MspInit  i2c.o
    0x08000dc2   0x08000dc2   0x00000002   PAD
    0x08000dc4   0x08000dc4   0x0000001a   Code   RO          244    .text.HAL_IncTick   stm32f4xx_hal.o
    0x08000dde   0x08000dde   0x00000002   PAD
    0x08000de0   0x08000de0   0x00000036   Code   RO          234    .text.HAL_Init      stm32f4xx_hal.o
    0x08000e16   0x08000e16   0x00000002   PAD
    0x08000e18   0x08000e18   0x000000ae   Code   RO          117    .text.HAL_InitTick  stm32f4xx_hal_timebase_tim.o
    0x08000ec6   0x08000ec6   0x00000002   PAD
    0x08000ec8   0x08000ec8   0x00000038   Code   RO          109    .text.HAL_MspInit   stm32f4xx_hal_msp.o
    0x08000f00   0x08000f00   0x00000020   Code   RO          399    .text.HAL_NVIC_EnableIRQ  stm32f4xx_hal_cortex.o
    0x08000f20   0x08000f20   0x00000056   Code   RO          397    .text.HAL_NVIC_SetPriority  stm32f4xx_hal_cortex.o
    0x08000f76   0x08000f76   0x00000002   PAD
    0x08000f78   0x08000f78   0x00000020   Code   RO          395    .text.HAL_NVIC_SetPriorityGrouping  stm32f4xx_hal_cortex.o
    0x08000f98   0x08000f98   0x00000160   Code   RO          795    .text.HAL_RCC_ClockConfig  stm32f4xx_hal_rcc.o
    0x080010f8   0x080010f8   0x0000003e   Code   RO          813    .text.HAL_RCC_GetClockConfig  stm32f4xx_hal_rcc.o
    0x08001136   0x08001136   0x00000002   PAD
    0x08001138   0x08001138   0x0000000c   Code   RO          805    .text.HAL_RCC_GetHCLKFreq  stm32f4xx_hal_rcc.o
    0x08001144   0x08001144   0x00000026   Code   RO          807    .text.HAL_RCC_GetPCLK1Freq  stm32f4xx_hal_rcc.o
    0x0800116a   0x0800116a   0x00000002   PAD
    0x0800116c   0x0800116c   0x00000026   Code   RO          809    .text.HAL_RCC_GetPCLK2Freq  stm32f4xx_hal_rcc.o
    0x08001192   0x08001192   0x00000002   PAD
    0x08001194   0x08001194   0x00000068   Code   RO          797    .text.HAL_RCC_GetSysClockFreq  stm32f4xx_hal_rcc.o
    0x080011fc   0x080011fc   0x00000354   Code   RO          793    .text.HAL_RCC_OscConfig  stm32f4xx_hal_rcc.o
    0x08001550   0x08001550   0x00000002   Code   RO         1152    .text.HAL_TIMEx_BreakCallback  stm32f4xx_hal_tim_ex.o
    0x08001552   0x08001552   0x00000002   PAD
    0x08001554   0x08001554   0x00000002   Code   RO         1148    .text.HAL_TIMEx_CommutCallback  stm32f4xx_hal_tim_ex.o
    0x08001556   0x08001556   0x00000002   PAD
    0x08001558   0x08001558   0x00000050   Code   RO         1144    .text.HAL_TIMEx_ConfigBreakDeadTime  stm32f4xx_hal_tim_ex.o
    0x080015a8   0x080015a8   0x000000c2   Code   RO         1076    .text.HAL_TIMEx_HallSensor_Init  stm32f4xx_hal_tim_ex.o
    0x0800166a   0x0800166a   0x00000002   PAD
    0x0800166c   0x0800166c   0x0000006c   Code   RO          192    .text.HAL_TIMEx_HallSensor_MspInit  tim.o
    0x080016d8   0x080016d8   0x000000bc   Code   RO         1142    .text.HAL_TIMEx_MasterConfigSynchronization  stm32f4xx_hal_tim_ex.o
    0x08001794   0x08001794   0x0000005a   Code   RO          847    .text.HAL_TIM_Base_Init  stm32f4xx_hal_tim.o
    0x080017ee   0x080017ee   0x00000002   PAD
    0x080017f0   0x080017f0   0x00000074   Code   RO          196    .text.HAL_TIM_Base_MspInit  tim.o
    0x08001864   0x08001864   0x000000a0   Code   RO          857    .text.HAL_TIM_Base_Start  stm32f4xx_hal_tim.o
    0x08001904   0x08001904   0x000000a8   Code   RO          861    .text.HAL_TIM_Base_Start_IT  stm32f4xx_hal_tim.o
    0x080019ac   0x080019ac   0x000001a2   Code   RO         1027    .text.HAL_TIM_ConfigClockSource  stm32f4xx_hal_tim.o
    0x08001b4e   0x08001b4e   0x00000002   PAD
    0x08001b50   0x08001b50   0x000000b2   Code   RO          961    .text.HAL_TIM_Encoder_Init  stm32f4xx_hal_tim.o
    0x08001c02   0x08001c02   0x00000002   PAD
    0x08001c04   0x08001c04   0x0000006e   Code   RO          194    .text.HAL_TIM_Encoder_MspInit  tim.o
    0x08001c72   0x08001c72   0x00000002   PAD
    0x08001c74   0x08001c74   0x000000cc   Code   RO          969    .text.HAL_TIM_Encoder_Start  stm32f4xx_hal_tim.o
    0x08001d40   0x08001d40   0x00000002   Code   RO          983    .text.HAL_TIM_IC_CaptureCallback  stm32f4xx_hal_tim.o
    0x08001d42   0x08001d42   0x00000002   PAD
    0x08001d44   0x08001d44   0x0000014a   Code   RO          981    .text.HAL_TIM_IRQHandler  stm32f4xx_hal_tim.o
    0x08001e8e   0x08001e8e   0x00000002   PAD
    0x08001e90   0x08001e90   0x000000fe   Code   RO          180    .text.HAL_TIM_MspPostInit  tim.o
    0x08001f8e   0x08001f8e   0x00000002   PAD
    0x08001f90   0x08001f90   0x000001ac   Code   RO          993    .text.HAL_TIM_OC_ConfigChannel  stm32f4xx_hal_tim.o
    0x0800213c   0x0800213c   0x00000002   Code   RO          985    .text.HAL_TIM_OC_DelayElapsedCallback  stm32f4xx_hal_tim.o
    0x0800213e   0x0800213e   0x00000002   PAD
    0x08002140   0x08002140   0x0000005a   Code   RO          875    .text.HAL_TIM_OC_Init  stm32f4xx_hal_tim.o
    0x0800219a   0x0800219a   0x00000002   PAD
    0x0800219c   0x0800219c   0x00000032   Code   RO          190    .text.HAL_TIM_OC_MspInit  tim.o
    0x080021ce   0x080021ce   0x00000002   PAD
    0x080021d0   0x080021d0   0x00000216   Code   RO         1001    .text.HAL_TIM_PWM_ConfigChannel  stm32f4xx_hal_tim.o
    0x080023e6   0x080023e6   0x00000002   PAD
    0x080023e8   0x080023e8   0x0000005a   Code   RO          901    .text.HAL_TIM_PWM_Init  stm32f4xx_hal_tim.o
    0x08002442   0x08002442   0x00000002   PAD
    0x08002444   0x08002444   0x00000002   Code   RO          903    .text.HAL_TIM_PWM_MspInit  stm32f4xx_hal_tim.o
    0x08002446   0x08002446   0x00000002   PAD
    0x08002448   0x08002448   0x00000002   Code   RO          987    .text.HAL_TIM_PWM_PulseFinishedCallback  stm32f4xx_hal_tim.o
    0x0800244a   0x0800244a   0x00000002   PAD
    0x0800244c   0x0800244c   0x00000122   Code   RO          909    .text.HAL_TIM_PWM_Start  stm32f4xx_hal_tim.o
    0x0800256e   0x0800256e   0x00000002   PAD
    0x08002570   0x08002570   0x0000009c   Code   RO          911    .text.HAL_TIM_PWM_Stop  stm32f4xx_hal_tim.o
    0x0800260c   0x0800260c   0x000000d4   Code   RO           95    .text.HAL_TIM_PeriodElapsedCallback  main.o
    0x080026e0   0x080026e0   0x00000002   Code   RO          991    .text.HAL_TIM_TriggerCallback  stm32f4xx_hal_tim.o
    0x080026e2   0x080026e2   0x00000002   PAD
    0x080026e4   0x080026e4   0x00000060   Code   RO         1166    .text.HAL_UART_Init  stm32f4xx_hal_uart.o
    0x08002744   0x08002744   0x00000074   Code   RO          221    .text.HAL_UART_MspInit  usart.o
    0x080027b8   0x080027b8   0x000000ee   Code   RO         1182    .text.HAL_UART_Transmit  stm32f4xx_hal_uart.o
    0x080028a6   0x080028a6   0x00000002   PAD
    0x080028a8   0x080028a8   0x00000002   Code   RO          134    .text.HardFault_Handler  stm32f4xx_it.o
    0x080028aa   0x080028aa   0x00000002   PAD
    0x080028ac   0x080028ac   0x00000072   Code   RO           45    .text.MX_ADC1_Init  adc.o
    0x0800291e   0x0800291e   0x00000002   PAD
    0x08002920   0x08002920   0x00000072   Code   RO           47    .text.MX_ADC2_Init  adc.o
    0x08002992   0x08002992   0x00000002   PAD
    0x08002994   0x08002994   0x00000110   Code   RO           63    .text.MX_GPIO_Init  gpio.o
    0x08002aa4   0x08002aa4   0x00000042   Code   RO           72    .text.MX_I2C1_Init  i2c.o
    0x08002ae6   0x08002ae6   0x00000002   PAD
    0x08002ae8   0x08002ae8   0x00000100   Code   RO          178    .text.MX_TIM1_Init  tim.o
    0x08002be8   0x08002be8   0x0000005c   Code   RO          182    .text.MX_TIM2_Init  tim.o
    0x08002c44   0x08002c44   0x00000078   Code   RO          184    .text.MX_TIM3_Init  tim.o
    0x08002cbc   0x08002cbc   0x000000cc   Code   RO          186    .text.MX_TIM4_Init  tim.o
    0x08002d88   0x08002d88   0x00000052   Code   RO          188    .text.MX_TIM6_Init  tim.o
    0x08002dda   0x08002dda   0x00000002   PAD
    0x08002ddc   0x08002ddc   0x0000003c   Code   RO          219    .text.MX_USART1_UART_Init  usart.o
    0x08002e18   0x08002e18   0x00000002   Code   RO          136    .text.MemManage_Handler  stm32f4xx_it.o
    0x08002e1a   0x08002e1a   0x00000002   PAD
    0x08002e1c   0x08002e1c   0x00000002   Code   RO          132    .text.NMI_Handler   stm32f4xx_it.o
    0x08002e1e   0x08002e1e   0x00000002   PAD
    0x08002e20   0x08002e20   0x00000002   Code   RO          146    .text.PendSV_Handler  stm32f4xx_it.o
    0x08002e22   0x08002e22   0x00000002   PAD
    0x08002e24   0x08002e24   0x00000002   Code   RO          142    .text.SVC_Handler   stm32f4xx_it.o
    0x08002e26   0x08002e26   0x00000002   PAD
    0x08002e28   0x08002e28   0x00000002   Code   RO          148    .text.SysTick_Handler  stm32f4xx_it.o
    0x08002e2a   0x08002e2a   0x00000002   PAD
    0x08002e2c   0x08002e2c   0x000000aa   Code   RO           89    .text.SystemClock_Config  main.o
    0x08002ed6   0x08002ed6   0x00000002   PAD
    0x08002ed8   0x08002ed8   0x00000012   Code   RO          163    .text.SystemInit    system_stm32f4xx.o
    0x08002eea   0x08002eea   0x00000002   PAD
    0x08002eec   0x08002eec   0x0000000c   Code   RO          152    .text.TIM5_IRQHandler  stm32f4xx_it.o
    0x08002ef8   0x08002ef8   0x0000000c   Code   RO          154    .text.TIM6_DAC_IRQHandler  stm32f4xx_it.o
    0x08002f04   0x08002f04   0x00000134   Code   RO          851    .text.TIM_Base_SetConfig  stm32f4xx_hal_tim.o
    0x08003038   0x08003038   0x00000068   Code   RO          995    .text.TIM_OC2_SetConfig  stm32f4xx_hal_tim.o
    0x080030a0   0x080030a0   0x000000a8   Code   RO          999    .text.TIM_TI1_SetConfig  stm32f4xx_hal_tim.o
    0x08003148   0x08003148   0x000000e8   Code   RO         1170    .text.UART_SetConfig  stm32f4xx_hal_uart.o
    0x08003230   0x08003230   0x00000002   Code   RO          140    .text.UsageFault_Handler  stm32f4xx_it.o
    0x08003232   0x08003232   0x00000002   PAD
    0x08003234   0x08003234   0x00000002   Code   RO           30    .text._sys_exit     bsp.o
    0x08003236   0x08003236   0x00000002   PAD
    0x08003238   0x08003238   0x00000080   Code   RO           11    .text.brushmotor_init  brushmotor.o
    0x080032b8   0x080032b8   0x0000000e   Code   RO           13    .text.brushmotor_set_speed  brushmotor.o
    0x080032c6   0x080032c6   0x00000002   PAD
    0x080032c8   0x080032c8   0x00000030   Code   RO           19    .text.brushmotor_stop  brushmotor.o
    0x080032f8   0x080032f8   0x00000034   Code   RO           34    .text.fputc         bsp.o
    0x0800332c   0x0800332c   0x00000120   Code   RO           87    .text.main          main.o
    0x0800344c   0x0800344c   0x0000001a   Code   RO         1454    x$fpl$fpinit        fz_wm.l(fpinit.o)
    0x08003466   0x08003466   0x00000010   Data   RO          168    .rodata.AHBPrescTable  system_stm32f4xx.o
    0x08003476   0x08003476   0x00000008   Data   RO          169    .rodata.APBPrescTable  system_stm32f4xx.o
    0x0800347e   0x0800347e   0x00000002   PAD
    0x08003480   0x08003480   0x00000020   Data   RO         1504    Region$$Table       anon$$obj.o


    Execution Region RW_IRAM1 (Exec base: 0x20000000, Load base: 0x080034a0, Size: 0x000009b0, Max: 0x0001c000, ABSOLUTE)

    Exec Addr    Load Addr    Size         Type   Attr      Idx    E Section Name        Object

    0x20000000   0x080034a0   0x00000004   Data   RW          100    .ARM.use_no_argv    main.o
    0x20000004   0x080034a4   0x00000004   Data   RW          167    .data.SystemCoreClock  system_stm32f4xx.o
    0x20000008   0x080034a8   0x00000001   Data   RW          289    .data.uwTickFreq    stm32f4xx_hal.o
    0x20000009   0x080034a9   0x00000003   PAD
    0x2000000c   0x080034ac   0x00000004   Data   RW          288    .data.uwTickPrio    stm32f4xx_hal.o
    0x20000010        -       0x00000060   Zero   RW         1384    .bss                c_w.l(libspace.o)
    0x20000070        -       0x00000001   Zero   RW           99    .bss.Key_ElimJitter_Timer  main.o
    0x20000071   0x080034b0   0x00000003   PAD
    0x20000074        -       0x00000054   Zero   RW           36    .bss.__stdout       bsp.o
    0x200000c8        -       0x00000048   Zero   RW           53    .bss.hadc1          adc.o
    0x20000110        -       0x00000048   Zero   RW           54    .bss.hadc2          adc.o
    0x20000158        -       0x00000054   Zero   RW           78    .bss.hi2c1          i2c.o
    0x200001ac        -       0x00000048   Zero   RW          206    .bss.htim1          tim.o
    0x200001f4        -       0x00000048   Zero   RW          207    .bss.htim2          tim.o
    0x2000023c        -       0x00000048   Zero   RW          208    .bss.htim3          tim.o
    0x20000284        -       0x00000048   Zero   RW          209    .bss.htim4          tim.o
    0x200002cc        -       0x00000048   Zero   RW          123    .bss.htim5          stm32f4xx_hal_timebase_tim.o
    0x20000314        -       0x00000048   Zero   RW          210    .bss.htim6          tim.o
    0x2000035c        -       0x00000048   Zero   RW          225    .bss.huart1         usart.o
    0x200003a4        -       0x00000002   Zero   RW           97    .bss.motor_speed    main.o
    0x200003a6        -       0x00000001   Zero   RW           98    .bss.speed_dir      main.o
    0x200003a7   0x080034b0   0x00000001   PAD
    0x200003a8        -       0x00000004   Zero   RW          290    .bss.uwTick         stm32f4xx_hal.o
    0x200003ac   0x080034b0   0x00000004   PAD
    0x200003b0        -       0x00000200   Zero   RW            2    HEAP                startup_stm32f407xx.o
    0x200005b0        -       0x00000400   Zero   RW            1    STACK               startup_stm32f407xx.o


    Execution Region RW_IRAM2 (Exec base: 0x2001c000, Load base: 0x080034b0, Size: 0x00000000, Max: 0x00004000, ABSOLUTE)

    **** No section assigned to this execution region ****


==============================================================================

Image component sizes


      Code (inc. data)   RO Data    RW Data    ZI Data      Debug   Object Name

       446          0          0          0        144       5736   adc.o
       190          0          0          0          0       5689   brushmotor.o
        54          0          0          0         84       2250   bsp.o
       272          0          0          0          0       4242   gpio.o
       180          0          0          0         84       5416   i2c.o
       690        112          0          4          4       7209   main.o
        64         26        392          0       1536        936   startup_stm32f407xx.o
       132          0          0          5          4       7473   stm32f4xx_hal.o
       594          0          0          0          0      11652   stm32f4xx_hal_adc.o
       150          0          0          0          0      10735   stm32f4xx_hal_cortex.o
       466          0          0          0          0       5214   stm32f4xx_hal_gpio.o
       368          0          0          0          0      46803   stm32f4xx_hal_i2c.o
        56          0          0          0          0       1586   stm32f4xx_hal_msp.o
      1458          0          0          0          0       7444   stm32f4xx_hal_rcc.o
      3726          8          0          0          0      56526   stm32f4xx_hal_tim.o
       466          0          0          0          0      21675   stm32f4xx_hal_tim_ex.o
       174          0          0          0         72       7361   stm32f4xx_hal_timebase_tim.o
       566          0          0          0          0      27223   stm32f4xx_hal_uart.o
        48          0          0          0          0       4836   stm32f4xx_it.o
        18          0         24          4          0       2799   system_stm32f4xx.o
      1392          0          0          0        360      11945   tim.o
       176          0          0          0         72       5234   usart.o

    ----------------------------------------------------------------------
     11792        146        450         16       2368     259984   Object Totals
         0          0         32          0          0          0   (incl. Generated)
       106          0          2          3          8          0   (incl. Padding)

    ----------------------------------------------------------------------

      Code (inc. data)   RO Data    RW Data    ZI Data      Debug   Library Member Name

         8          0          0          0          0         68   __main.o
       104          0          0          0          0         84   __printf.o
         0          0          0          0          0          0   __rtentry.o
        12          0          0          0          0          0   __rtentry2.o
         6          0          0          0          0          0   __rtentry4.o
        94          8          0          0          0          0   __scatter.o
        26          0          0          0          0          0   __scatter_copy.o
        28          0          0          0          0          0   __scatter_zi.o
        48          6          0          0          0         96   _printf_char_common.o
        36          4          0          0          0         80   _printf_char_file.o
         6          0          0          0          0          0   _printf_d.o
       120         16          0          0          0         92   _printf_dec.o
       178          0          0          0          0         88   _printf_intcommon.o
         0          0          0          0          0          0   _printf_percent.o
         4          0          0          0          0          0   _printf_percent_end.o
        18          0          0          0          0         80   exit.o
         8          0          0          0          0         68   ferror.o
         6          0          0          0          0        152   heapauxi.o
         2          0          0          0          0          0   libinit.o
         6          0          0          0          0          0   libinit2.o
         2          0          0          0          0          0   libshutdown.o
         2          0          0          0          0          0   libshutdown2.o
         8          4          0          0         96         68   libspace.o
       240          0          0          0          0        100   lludivv7m.o
        24          4          0          0          0         84   noretval__2printf.o
        44          4          0          0          0         84   puts.o
        78          0          0          0          0         80   rt_memclr_w.o
         2          0          0          0          0          0   rtexit.o
        10          0          0          0          0          0   rtexit2.o
        74          0          0          0          0         80   sys_stackheap_outer.o
         2          0          0          0          0         68   use_no_semi.o
         2          0          0          0          0         68   use_no_semi_2.o
        26          0          0          0          0        116   fpinit.o

    ----------------------------------------------------------------------
      1230         46          0          0         96       1556   Library Totals
         6          0          0          0          0          0   (incl. Padding)

    ----------------------------------------------------------------------

      Code (inc. data)   RO Data    RW Data    ZI Data      Debug   Library Name

      1198         46          0          0         96       1440   c_w.l
        26          0          0          0          0        116   fz_wm.l

    ----------------------------------------------------------------------
      1230         46          0          0         96       1556   Library Totals

    ----------------------------------------------------------------------

==============================================================================


      Code (inc. data)   RO Data    RW Data    ZI Data      Debug   

     13022        192        450         16       2464     260532   Grand Totals
     13022        192        450         16       2464     260532   ELF Image Totals
     13022        192        450         16          0          0   ROM Totals

==============================================================================

    Total RO  Size (Code + RO Data)                13472 (  13.16kB)
    Total RW  Size (RW Data + ZI Data)              2480 (   2.42kB)
    Total ROM Size (Code + RO Data + RW Data)      13488 (  13.17kB)

==============================================================================

